reg__36: 
logic__6: 
case__30: 
logic__143: 
case__17: 
case__45: 
datapath__5: 
datapath__3: 
logic__2: 
case__36: 
logic__5: 
case__5: 
reg__9: 
case__49: 
logic__136: 
logic__111: 
case__47: 
logic__49: 
reg__11: 
case__29: 
case__22: 
logic__170: 
muxpart__1: 
logic__11: 
reg__34: 
case__2: 
logic__133: 
reg__5: 
logic__160: 
reg__22: 
datapath__9: 
logic__103: 
datapath__6: 
logic__94: 
EXT: 
muxpart__3: 
logic__173: 
logic__150: 
case__55: 
reg__31: 
logic__140: 
extladd: 
logic__142: 
reg__25: 
logic__45: 
case__14: 
case__40: 
reg: 
case__3: 
RF: 
case__19: 
muxpart__7: 
case__8: 
case__37: 
case__51: 
logic__59: 
muxpart__2: 
muxpart: 
reg__26: 
logic__154: 
case__9: 
logic__48: 
logic__57: 
reg__17: 
logic__137: 
reg__35: 
logic__10: 
reg__38: 
logic__134: 
logic__131: 
datapath__7: 
ctrl: 
datapath__1: 
case__39: 
case__28: 
case__33: 
muxpart__8: 
reg__3: 
case__54: 
logic__46: 
logic__58: 
case__43: 
reg__4: 
reg__33: 
logic__163: 
case__44: 
logic__127: 
reg__37: 
logic__7: 
case__31: 
case__41: 
reg__15: 
case__42: 
datapath__4: 
reg__32: 
logic__139: 
logic__125: 
case__6: 
muxpart__5: 
logic__89: 
logic__99: 
case__23: 
case__16: 
case__27: 
reg__6: 
SCPU: 
ALU: 
logic__147: 
reg__24: 
datapath__10: 
case__11: 
logic__155: 
case__10: 
logic__156: 
logic__135: 
logic__91: 
logic__152: 
case__26: 
reg__1: 
logic__148: 
logic__144: 
logic__161: 
reg__27: 
reg__14: 
reg__18: 
case__7: 
clk_div: 
logic__168: 
logic__14: 
Counter_x: 
case__1: 
logic__167: 
logic__29: 
logic__90: 
reg__8: 
logic__153: 
dm_controller: 
reg__30: 
logic__166: 
logic__138: 
reg__2: 
logic__145: 
case__18: 
case__24: 
reg__21: 
logic__50: 
muxpart__6: 
logic__132: 
reg__28: 
case__32: 
case__34: 
case__50: 
logic__47: 
logic__165: 
case__12: 
case__38: 
datapath: 
logic__93: 
reg__29: 
counter: 
logic__149: 
logic__175: 
datapath__2: 
case__4: 
logic__158: 
reg__7: 
main: 
logic__130: 
reg__13: 
reg__16: 
case__15: 
logic__151: 
logic__169: 
logic: 
reg__19: 
case: 
case__13: 
logic__159: 
case__20: 
logic__98: 
reg__23: 
datapath__8: 
logic__146: 
case__48: 
case__46: 
logic__141: 
reg__20: 
logic__157: 
logic__116: 
muxpart__4: 
reg__10: 
logic__174: 
case__56: 
reg__12: 
logic__126: 
logic__104: 
case__35: 
case__25: 
logic__92: 
logic__164: 
logic__105: 
Enter: 
case__21: 
