INFO: [VRFC 10-2263] Analyzing Verilog file "G:/system/NewCPU/NewCPU.sim/sim_1/impl/timing/xsim/simulate_time_impl.v" into library xil_defaultlib
INFO: [VRFC 10-311] analyzing module Counter_x
INFO: [VRFC 10-311] analyzing module EXT
INFO: [VRFC 10-311] analyzing module Multi_8CH32
INFO: [VRFC 10-311] analyzing module Pipeline
INFO: [VRFC 10-311] analyzing module Pipeline__parameterized0
INFO: [VRFC 10-311] analyzing module Pipeline__parameterized1
INFO: [VRFC 10-311] analyzing module Pipeline__parameterized2
INFO: [VRFC 10-311] analyzing module RAM_B
INFO: [VRFC 10-311] analyzing module RF
INFO: [VRFC 10-311] analyzing module ROM_D
INFO: [VRFC 10-311] analyzing module SCPU
INFO: [VRFC 10-311] analyzing module SPIO
INFO: [VRFC 10-311] analyzing module SSeg7
INFO: [VRFC 10-311] analyzing module clk_div
INFO: [VRFC 10-311] analyzing module main
INFO: [VRFC 10-311] analyzing module predict
INFO: [VRFC 10-311] analyzing module ROM_D_dist_mem_gen_v8_0_17
INFO: [VRFC 10-311] analyzing module ROM_D_dist_mem_gen_v8_0_17_synth
INFO: [VRFC 10-311] analyzing module ROM_D_rom
INFO: [VRFC 10-311] analyzing module RAM_B_blk_mem_gen_generic_cstr
INFO: [VRFC 10-311] analyzing module RAM_B_blk_mem_gen_prim_width
INFO: [VRFC 10-311] analyzing module RAM_B_blk_mem_gen_prim_wrapper_init
INFO: [VRFC 10-311] analyzing module RAM_B_blk_mem_gen_top
INFO: [VRFC 10-311] analyzing module RAM_B_blk_mem_gen_v8_4_11
INFO: [VRFC 10-311] analyzing module RAM_B_blk_mem_gen_v8_4_11_synth
INFO: [VRFC 10-311] analyzing module glbl
INFO: [VRFC 10-2263] Analyzing Verilog file "G:/system/simulate.v" into library xil_defaultlib
INFO: [VRFC 10-311] analyzing module simulate
