INFO: [VRFC 10-2263] Analyzing Verilog file "G:/system/NewCPU/NewCPU.gen/sources_1/ip/ROM_D/sim/ROM_D.v" into library xil_defaultlib
INFO: [VRFC 10-311] analyzing module ROM_D
INFO: [VRFC 10-2263] Analyzing Verilog file "G:/system/NewCPU/NewCPU.gen/sources_1/ip/RAM_B/sim/RAM_B.v" into library xil_defaultlib
INFO: [VRFC 10-311] analyzing module RAM_B
INFO: [VRFC 10-2263] Analyzing Verilog file "G:/system/modules/ALU.v" into library xil_defaultlib
INFO: [VRFC 10-311] analyzing module ALU
INFO: [VRFC 10-2263] Analyzing Verilog file "G:/system/modules/Counter_3_IO.v" into library xil_defaultlib
INFO: [VRFC 10-311] analyzing module Counter_x
INFO: [VRFC 10-2263] Analyzing Verilog file "G:/system/modules/EXT.v" into library xil_defaultlib
INFO: [VRFC 10-311] analyzing module EXT
INFO: [VRFC 10-2263] Analyzing Verilog file "G:/system/modules/Enter.v" into library xil_defaultlib
INFO: [VRFC 10-311] analyzing module Enter
INFO: [VRFC 10-2263] Analyzing Verilog file "G:/system/modules/MIO_BUS.v" into library xil_defaultlib
INFO: [VRFC 10-311] analyzing module MIO_BUS
INFO: [VRFC 10-2263] Analyzing Verilog file "G:/system/modules/Multi_8CH32.v" into library xil_defaultlib
INFO: [VRFC 10-311] analyzing module Multi_8CH32
INFO: [VRFC 10-2263] Analyzing Verilog file "G:/system/modules/RF.v" into library xil_defaultlib
INFO: [VRFC 10-311] analyzing module RF
INFO: [VRFC 10-2263] Analyzing Verilog file "G:/system/modules/SCPU.v" into library xil_defaultlib
INFO: [VRFC 10-311] analyzing module SCPU
INFO: [VRFC 10-2263] Analyzing Verilog file "G:/system/modules/SPIO.v" into library xil_defaultlib
INFO: [VRFC 10-311] analyzing module SPIO
INFO: [VRFC 10-2263] Analyzing Verilog file "G:/system/modules/SSeg7.v" into library xil_defaultlib
INFO: [VRFC 10-311] analyzing module SSeg7
INFO: [VRFC 10-2263] Analyzing Verilog file "G:/system/modules/clk_div.v" into library xil_defaultlib
INFO: [VRFC 10-311] analyzing module clk_div
INFO: [VRFC 10-2263] Analyzing Verilog file "G:/system/modules/ctrl.v" into library xil_defaultlib
INFO: [VRFC 10-311] analyzing module ctrl
INFO: [VRFC 10-2263] Analyzing Verilog file "G:/system/modules/dm_controller.v" into library xil_defaultlib
INFO: [VRFC 10-311] analyzing module dm_controller
INFO: [VRFC 10-2263] Analyzing Verilog file "G:/system/modules/main.v" into library xil_defaultlib
INFO: [VRFC 10-311] analyzing module main
WARNING: [VRFC 10-2938] 'counter_out' is already implicitly declared on line 64 [G:/system/modules/main.v:115]
WARNING: [VRFC 10-2938] 'ROM_output' is already implicitly declared on line 95 [G:/system/modules/main.v:141]
INFO: [VRFC 10-2263] Analyzing Verilog file "G:/system/simulate.v" into library xil_defaultlib
INFO: [VRFC 10-311] analyzing module simulate
ERROR: [VRFC 10-4982] syntax error near '"' [G:/system/simulate.v:40]
ERROR: [VRFC 10-8530] module 'simulate' is ignored due to previous errors [G:/system/simulate.v:2]
