Copyright 1986-2022 Xilinx, Inc. All Rights Reserved. Copyright 2022-2025 Advanced Micro Devices, Inc. All Rights Reserved.
---------------------------------------------------------------------------------------------------------------------------------------------
| Tool Version : Vivado v.2025.1 (win64) Build 6140274 Thu May 22 00:12:29 MDT 2025
| Date         : Wed Mar 25 16:52:52 2026
| Host         : _Zoomy_ running 64-bit major release  (build 9200)
| Command      : report_control_sets -verbose -file main_control_sets_placed.rpt
| Design       : main
| Device       : xc7a100t
---------------------------------------------------------------------------------------------------------------------------------------------

Control Set Information

Table of Contents
-----------------
1. Summary
2. Histogram
3. Flip-Flop Distribution
4. Detailed Control Set Information

1. Summary
----------

+----------------------------------------------------------+-------+
|                          Status                          | Count |
+----------------------------------------------------------+-------+
| Total control sets                                       |    38 |
|    Minimum number of control sets                        |    38 |
|    Addition due to synthesis replication                 |     0 |
|    Addition due to physical synthesis replication        |     0 |
| Unused register locations in slices containing registers |    13 |
+----------------------------------------------------------+-------+
* Control sets can be merged at opt_design using control_set_merge or merge_equivalent_drivers
** Run report_qor_suggestions for automated merging and remapping suggestions


2. Histogram
------------

+--------------------+-------+
|       Fanout       | Count |
+--------------------+-------+
| Total control sets |    38 |
| >= 0 to < 4        |     0 |
| >= 4 to < 6        |     1 |
| >= 6 to < 8        |     0 |
| >= 8 to < 10       |     1 |
| >= 10 to < 12      |     0 |
| >= 12 to < 14      |     0 |
| >= 14 to < 16      |     0 |
| >= 16              |    36 |
+--------------------+-------+
* Control sets can be remapped at either synth_design or opt_design


3. Flip-Flop Distribution
-------------------------

+--------------+-----------------------+------------------------+-----------------+--------------+
| Clock Enable | Synchronous Set/Reset | Asynchronous Set/Reset | Total Registers | Total Slices |
+--------------+-----------------------+------------------------+-----------------+--------------+
| No           | No                    | No                     |               4 |            3 |
| No           | No                    | Yes                    |             382 |          109 |
| No           | Yes                   | No                     |               0 |            0 |
| Yes          | No                    | No                     |               8 |            6 |
| Yes          | No                    | Yes                    |            1057 |          471 |
| Yes          | Yes                   | No                     |               0 |            0 |
+--------------+-----------------------+------------------------+-----------------+--------------+


4. Detailed Control Set Information
-----------------------------------

+----------------------------------+-----------------------------------+--------------------+------------------+----------------+--------------+
|           Clock Signal           |           Enable Signal           |  Set/Reset Signal  | Slice Load Count | Bel Load Count | Bels / Slice |
+----------------------------------+-----------------------------------+--------------------+------------------+----------------+--------------+
|  U6_SSeg7/flash_IBUF_BUFG        |                                   |                    |                3 |              4 |         1.33 |
|  U6_SSeg7/flash_IBUF_BUFG        | U6_SSeg7/seg_sout[7]_i_1_n_0      |                    |                6 |              8 |         1.33 |
|  Clk_CPU_BUFG                    | U1_SCPU/U_RF/rf[2][31]_i_1_n_0    | U1_SCPU/U_RF/AR[0] |               11 |             32 |         2.91 |
|  Clk_CPU_BUFG                    |                                   | U1_SCPU/U_RF/AR[0] |                8 |             32 |         4.00 |
|  Clk_CPU_BUFG                    | U1_SCPU/U_RF/rf[13][31]_i_1_n_0   | U1_SCPU/U_RF/AR[0] |               12 |             32 |         2.67 |
|  Clk_CPU_BUFG                    | U1_SCPU/U_RF/rf[10][31]_i_1_n_0   | U1_SCPU/U_RF/AR[0] |               14 |             32 |         2.29 |
|  Clk_CPU_BUFG                    | U1_SCPU/U_RF/rf[16][31]_i_1_n_0   | U1_SCPU/U_RF/AR[0] |               16 |             32 |         2.00 |
|  Clk_CPU_BUFG                    | U1_SCPU/U_RF/rf[18][31]_i_1_n_0   | U1_SCPU/U_RF/AR[0] |               13 |             32 |         2.46 |
|  Clk_CPU_BUFG                    | U1_SCPU/U_RF/rf[14][31]_i_1_n_0   | U1_SCPU/U_RF/AR[0] |                8 |             32 |         4.00 |
|  Clk_CPU_BUFG                    | U1_SCPU/U_RF/rf[0][31]_i_1_n_0    | U1_SCPU/U_RF/AR[0] |               14 |             32 |         2.29 |
|  Clk_CPU_BUFG                    | U1_SCPU/U_RF/rf[15][31]_i_1_n_0   | U1_SCPU/U_RF/AR[0] |               12 |             32 |         2.67 |
|  Clk_CPU_BUFG                    | U1_SCPU/U_RF/rf                   | U1_SCPU/U_RF/AR[0] |               23 |             32 |         1.39 |
|  Clk_CPU_BUFG                    | U1_SCPU/U_RF/rf[11][31]_i_1_n_0   | U1_SCPU/U_RF/AR[0] |               16 |             32 |         2.00 |
|  Clk_CPU_BUFG                    | U1_SCPU/U_RF/rf[12][31]_i_1_n_0   | U1_SCPU/U_RF/AR[0] |               10 |             32 |         3.20 |
|  Clk_CPU_BUFG                    | U1_SCPU/U_RF/rf[17][31]_i_1_n_0   | U1_SCPU/U_RF/AR[0] |               11 |             32 |         2.91 |
|  Clk_CPU_BUFG                    | U1_SCPU/U_RF/rf[30][31]_i_1_n_0   | U1_SCPU/U_RF/AR[0] |               20 |             32 |         1.60 |
|  Clk_CPU_BUFG                    | U1_SCPU/U_RF/rf[21][31]_i_1_n_0   | U1_SCPU/U_RF/AR[0] |               11 |             32 |         2.91 |
|  Clk_CPU_BUFG                    | U1_SCPU/U_RF/rf[20][31]_i_1_n_0   | U1_SCPU/U_RF/AR[0] |               11 |             32 |         2.91 |
|  Clk_CPU_BUFG                    | U1_SCPU/U_RF/rf[27][31]_i_1_n_0   | U1_SCPU/U_RF/AR[0] |               10 |             32 |         3.20 |
|  Clk_CPU_BUFG                    | U1_SCPU/U_RF/rf[1][31]_i_1_n_0    | U1_SCPU/U_RF/AR[0] |                9 |             32 |         3.56 |
|  Clk_CPU_BUFG                    | U1_SCPU/U_RF/rf[23][31]_i_1_n_0   | U1_SCPU/U_RF/AR[0] |               22 |             32 |         1.45 |
|  Clk_CPU_BUFG                    | U1_SCPU/U_RF/rf[29][31]_i_1_n_0   | U1_SCPU/U_RF/AR[0] |               12 |             32 |         2.67 |
|  Clk_CPU_BUFG                    | U1_SCPU/U_RF/rf[28][31]_i_1_n_0   | U1_SCPU/U_RF/AR[0] |               15 |             32 |         2.13 |
|  Clk_CPU_BUFG                    | U1_SCPU/U_RF/rf[22][31]_i_1_n_0   | U1_SCPU/U_RF/AR[0] |               19 |             32 |         1.68 |
|  Clk_CPU_BUFG                    | U1_SCPU/U_RF/rf[26][31]_i_1_n_0   | U1_SCPU/U_RF/AR[0] |               17 |             32 |         1.88 |
|  Clk_CPU_BUFG                    | U1_SCPU/U_RF/rf[19][31]_i_1_n_0   | U1_SCPU/U_RF/AR[0] |               14 |             32 |         2.29 |
|  Clk_CPU_BUFG                    | U1_SCPU/U_RF/rf[24][31]_i_1_n_0   | U1_SCPU/U_RF/AR[0] |               13 |             32 |         2.46 |
|  Clk_CPU_BUFG                    | U1_SCPU/U_RF/rf[25][31]_i_1_n_0   | U1_SCPU/U_RF/AR[0] |               12 |             32 |         2.67 |
|  Clk_CPU_BUFG                    | U1_SCPU/U_RF/rf[4][31]_i_1_n_0    | U1_SCPU/U_RF/AR[0] |               11 |             32 |         2.91 |
|  Clk_CPU_BUFG                    | U1_SCPU/U_RF/rf[6][31]_i_1_n_0    | U1_SCPU/U_RF/AR[0] |               18 |             32 |         1.78 |
|  Clk_CPU_BUFG                    | U1_SCPU/U_RF/rf[5][31]_i_1_n_0    | U1_SCPU/U_RF/AR[0] |               16 |             32 |         2.00 |
|  Clk_CPU_BUFG                    | U1_SCPU/U_RF/rf[9][31]_i_1_n_0    | U1_SCPU/U_RF/AR[0] |               19 |             32 |         1.68 |
|  Clk_CPU_BUFG                    | U1_SCPU/U_RF/rf[8][31]_i_1_n_0    | U1_SCPU/U_RF/AR[0] |               17 |             32 |         1.88 |
|  Clk_CPU_BUFG                    | U1_SCPU/U_RF/rf[3][31]_i_1_n_0    | U1_SCPU/U_RF/AR[0] |               16 |             32 |         2.00 |
|  Clk_CPU_BUFG                    | U1_SCPU/U_RF/rf[7][31]_i_1_n_0    | U1_SCPU/U_RF/AR[0] |               20 |             32 |         1.60 |
|  clkdiv_BUFG[6]                  | U9_Counter_x/counter0[32]_i_1_n_0 | U1_SCPU/U_RF/AR[0] |                9 |             33 |         3.67 |
|  clk_IBUF_BUFG                   |                                   | U1_SCPU/U_RF/AR[0] |               23 |             80 |         3.48 |
|  U8_clk_div/clkdiv_reg[3]_0_BUFG |                                   | U1_SCPU/U_RF/AR[0] |               78 |            270 |         3.46 |
+----------------------------------+-----------------------------------+--------------------+------------------+----------------+--------------+


