Copyright 1986-2022 Xilinx, Inc. All Rights Reserved. Copyright 2022-2025 Advanced Micro Devices, Inc. All Rights Reserved.
---------------------------------------------------------------------------------------------------------------------------------------------
| Tool Version : Vivado v.2025.1 (win64) Build 6140274 Thu May 22 00:12:29 MDT 2025
| Date         : Tue Mar 31 17:14:05 2026
| Host         : _Zoomy_ running 64-bit major release  (build 9200)
| Command      : report_control_sets -verbose -file main_control_sets_placed.rpt
| Design       : main
| Device       : xc7a100t
---------------------------------------------------------------------------------------------------------------------------------------------

Control Set Information

Table of Contents
-----------------
1. Summary
2. Histogram
3. Flip-Flop Distribution
4. Detailed Control Set Information

1. Summary
----------

+----------------------------------------------------------+-------+
|                          Status                          | Count |
+----------------------------------------------------------+-------+
| Total control sets                                       |    44 |
|    Minimum number of control sets                        |    44 |
|    Addition due to synthesis replication                 |     0 |
|    Addition due to physical synthesis replication        |     0 |
| Unused register locations in slices containing registers |    38 |
+----------------------------------------------------------+-------+
* Control sets can be merged at opt_design using control_set_merge or merge_equivalent_drivers
** Run report_qor_suggestions for automated merging and remapping suggestions


2. Histogram
------------

+--------------------+-------+
|       Fanout       | Count |
+--------------------+-------+
| Total control sets |    44 |
| >= 0 to < 4        |     3 |
| >= 4 to < 6        |     1 |
| >= 6 to < 8        |     0 |
| >= 8 to < 10       |     1 |
| >= 10 to < 12      |     0 |
| >= 12 to < 14      |     0 |
| >= 14 to < 16      |     0 |
| >= 16              |    39 |
+--------------------+-------+
* Control sets can be remapped at either synth_design or opt_design


3. Flip-Flop Distribution
-------------------------

+--------------+-----------------------+------------------------+-----------------+--------------+
| Clock Enable | Synchronous Set/Reset | Asynchronous Set/Reset | Total Registers | Total Slices |
+--------------+-----------------------+------------------------+-----------------+--------------+
| No           | No                    | No                     |               6 |            5 |
| No           | No                    | Yes                    |             798 |          282 |
| No           | Yes                   | No                     |               0 |            0 |
| Yes          | No                    | No                     |               8 |            7 |
| Yes          | No                    | Yes                    |            1206 |          555 |
| Yes          | Yes                   | No                     |               0 |            0 |
+--------------+-----------------------+------------------------+-----------------+--------------+


4. Detailed Control Set Information
-----------------------------------

+---------------------------+----------------------------------------+---------------------+------------------+----------------+--------------+
|        Clock Signal       |              Enable Signal             |   Set/Reset Signal  | Slice Load Count | Bel Load Count | Bels / Slice |
+---------------------------+----------------------------------------+---------------------+------------------+----------------+--------------+
|  U7_SPIO0_BUFG            |                                        |                     |                1 |              1 |         1.00 |
|  clkdiv_BUFG[7]           |                                        |                     |                1 |              1 |         1.00 |
|  clkdiv_BUFG[7]           |                                        | U1_SCPU/my_RF/AR[0] |                1 |              2 |         2.00 |
|  U6_SSeg7/flash_IBUF_BUFG |                                        |                     |                3 |              4 |         1.33 |
|  U6_SSeg7/flash_IBUF_BUFG | U6_SSeg7/seg_sout[7]_i_1_n_0           |                     |                7 |              8 |         1.14 |
|  U7_SPIO0_BUFG            | U1_SCPU/EX_MEM/data_out_reg[169]_0     | U1_SCPU/my_RF/AR[0] |                9 |             18 |         2.00 |
| ~Clk_CPU_BUFG             | U1_SCPU/MEM_WB/data_out_reg[164]_18[0] | U1_SCPU/my_RF/AR[0] |               19 |             32 |         1.68 |
|  U7_SPIO0_BUFG            | U1_SCPU/EX_MEM/EN                      | U1_SCPU/my_RF/AR[0] |               18 |             32 |         1.78 |
|  U7_SPIO0_BUFG            | U1_SCPU/EX_MEM/E[0]                    | U1_SCPU/my_RF/AR[0] |               13 |             32 |         2.46 |
| ~Clk_CPU_BUFG             | U1_SCPU/MEM_WB/data_out_reg[164]_2[0]  | U1_SCPU/my_RF/AR[0] |                8 |             32 |         4.00 |
|  clkdiv_BUFG[7]           | U9_Counter_x/counter0[27]              | U1_SCPU/my_RF/AR[0] |               10 |             32 |         3.20 |
| ~Clk_CPU_BUFG             | U1_SCPU/MEM_WB/data_out_reg[164]_0[0]  | U1_SCPU/my_RF/AR[0] |               17 |             32 |         1.88 |
| ~Clk_CPU_BUFG             | U1_SCPU/MEM_WB/data_out_reg[164]_14[0] | U1_SCPU/my_RF/AR[0] |               11 |             32 |         2.91 |
| ~Clk_CPU_BUFG             | U1_SCPU/MEM_WB/E[0]                    | U1_SCPU/my_RF/AR[0] |               18 |             32 |         1.78 |
| ~Clk_CPU_BUFG             | U1_SCPU/MEM_WB/data_out_reg[164]_1[0]  | U1_SCPU/my_RF/AR[0] |               14 |             32 |         2.29 |
| ~Clk_CPU_BUFG             | U1_SCPU/MEM_WB/data_out_reg[164]_17[0] | U1_SCPU/my_RF/AR[0] |               18 |             32 |         1.78 |
| ~Clk_CPU_BUFG             | U1_SCPU/MEM_WB/data_out_reg[164]_21[0] | U1_SCPU/my_RF/AR[0] |               29 |             32 |         1.10 |
| ~Clk_CPU_BUFG             | U1_SCPU/MEM_WB/data_out_reg[164]_28[0] | U1_SCPU/my_RF/AR[0] |               21 |             32 |         1.52 |
| ~Clk_CPU_BUFG             | U1_SCPU/MEM_WB/data_out_reg[164]_6[0]  | U1_SCPU/my_RF/AR[0] |               12 |             32 |         2.67 |
| ~Clk_CPU_BUFG             | U1_SCPU/MEM_WB/data_out_reg[164]_16[0] | U1_SCPU/my_RF/AR[0] |               17 |             32 |         1.88 |
| ~Clk_CPU_BUFG             | U1_SCPU/MEM_WB/data_out_reg[164]_19[0] | U1_SCPU/my_RF/AR[0] |               12 |             32 |         2.67 |
| ~Clk_CPU_BUFG             | U1_SCPU/MEM_WB/data_out_reg[164]_8[0]  | U1_SCPU/my_RF/AR[0] |               19 |             32 |         1.68 |
| ~Clk_CPU_BUFG             | U1_SCPU/MEM_WB/data_out_reg[164]_9[0]  | U1_SCPU/my_RF/AR[0] |               15 |             32 |         2.13 |
| ~Clk_CPU_BUFG             | U1_SCPU/MEM_WB/data_out_reg[164]_3[0]  | U1_SCPU/my_RF/AR[0] |               12 |             32 |         2.67 |
| ~Clk_CPU_BUFG             | U1_SCPU/MEM_WB/data_out_reg[164]_12[0] | U1_SCPU/my_RF/AR[0] |               11 |             32 |         2.91 |
| ~Clk_CPU_BUFG             | U1_SCPU/MEM_WB/data_out_reg[164]_23[0] | U1_SCPU/my_RF/AR[0] |               24 |             32 |         1.33 |
| ~Clk_CPU_BUFG             | U1_SCPU/MEM_WB/data_out_reg[164]_10[0] | U1_SCPU/my_RF/AR[0] |               13 |             32 |         2.46 |
| ~Clk_CPU_BUFG             | U1_SCPU/MEM_WB/data_out_reg[164]_25[0] | U1_SCPU/my_RF/AR[0] |               12 |             32 |         2.67 |
| ~Clk_CPU_BUFG             | U1_SCPU/MEM_WB/data_out_reg[164]_26[0] | U1_SCPU/my_RF/AR[0] |               16 |             32 |         2.00 |
| ~Clk_CPU_BUFG             | U1_SCPU/MEM_WB/data_out_reg[164]_13[0] | U1_SCPU/my_RF/AR[0] |               13 |             32 |         2.46 |
| ~Clk_CPU_BUFG             | U1_SCPU/MEM_WB/data_out_reg[164]_20[0] | U1_SCPU/my_RF/AR[0] |               15 |             32 |         2.13 |
| ~Clk_CPU_BUFG             | U1_SCPU/MEM_WB/data_out_reg[164]_4[0]  | U1_SCPU/my_RF/AR[0] |               11 |             32 |         2.91 |
| ~Clk_CPU_BUFG             | U1_SCPU/MEM_WB/data_out_reg[164]_22[0] | U1_SCPU/my_RF/AR[0] |               25 |             32 |         1.28 |
| ~Clk_CPU_BUFG             | U1_SCPU/MEM_WB/data_out_reg[164]_5[0]  | U1_SCPU/my_RF/AR[0] |                5 |             32 |         6.40 |
| ~Clk_CPU_BUFG             | U1_SCPU/MEM_WB/data_out_reg[164]_7[0]  | U1_SCPU/my_RF/AR[0] |               19 |             32 |         1.68 |
| ~Clk_CPU_BUFG             | U1_SCPU/MEM_WB/data_out_reg[164]_29[0] | U1_SCPU/my_RF/AR[0] |               14 |             32 |         2.29 |
| ~Clk_CPU_BUFG             | U1_SCPU/MEM_WB/data_out_reg[164]_11[0] | U1_SCPU/my_RF/AR[0] |               12 |             32 |         2.67 |
| ~Clk_CPU_BUFG             | U1_SCPU/MEM_WB/data_out_reg[164]_27[0] | U1_SCPU/my_RF/AR[0] |               15 |             32 |         2.13 |
| ~Clk_CPU_BUFG             | U1_SCPU/MEM_WB/data_out_reg[164]_24[0] | U1_SCPU/my_RF/AR[0] |               17 |             32 |         1.88 |
| ~Clk_CPU_BUFG             | U1_SCPU/MEM_WB/data_out_reg[164]_15[0] | U1_SCPU/my_RF/AR[0] |               16 |             32 |         2.00 |
|  clk_IBUF_BUFG            |                                        | U1_SCPU/my_RF/AR[0] |               25 |             80 |         3.20 |
|  Clk_CPU_BUFG             | U1_SCPU/EX_MEM/PC_write                | U1_SCPU/my_RF/AR[0] |               25 |            100 |         4.00 |
|  U7_SPIO0_BUFG            |                                        | U1_SCPU/my_RF/AR[0] |               78 |            272 |         3.49 |
|  Clk_CPU_BUFG             |                                        | U1_SCPU/my_RF/AR[0] |              178 |            444 |         2.49 |
+---------------------------+----------------------------------------+---------------------+------------------+----------------+--------------+


