#-----------------------------------------------------------
# Vivado v2025.1 (64-bit)
# SW Build 6140274 on Thu May 22 00:12:29 MDT 2025
# IP Build 6138677 on Thu May 22 03:10:11 MDT 2025
# SharedData Build 6139179 on Tue May 20 17:58:58 MDT 2025
# Start of session at: Sun Mar 22 13:24:22 2026
# Process ID         : 21080
# Current directory  : G:/system/NewCPU/NewCPU.runs/impl_1
# Command line       : vivado.exe -log main.vdi -applog -product Vivado -messageDb vivado.pb -mode batch -source main.tcl -notrace
# Log file           : G:/system/NewCPU/NewCPU.runs/impl_1/main.vdi
# Journal file       : G:/system/NewCPU/NewCPU.runs/impl_1\vivado.jou
# Running On         : _Zoomy_
# Platform           : Windows Server 2016 or Windows 10
# Operating System   : 26200
# Processor Detail   : AMD Ryzen 7 7735H with Radeon Graphics        
# CPU Frequency      : 3194 MHz
# CPU Physical cores : 8
# CPU Logical cores  : 16
# Host memory        : 42136 MB
# Swap memory        : 2684 MB
# Total Virtual      : 44820 MB
# Available Virtual  : 20241 MB
#-----------------------------------------------------------
source main.tcl -notrace
