
*** Running vivado
    with args -log main.vds -m64 -product Vivado -mode batch -messageDb vivado.pb -notrace -source main.tcl



****** Vivado v2025.1 (64-bit)
  **** SW Build 6140274 on Thu May 22 00:12:29 MDT 2025
  **** IP Build 6138677 on Thu May 22 03:10:11 MDT 2025
  **** SharedData Build 6139179 on Tue May 20 17:58:58 MDT 2025
  **** Start of session at: Fri Mar 27 18:35:16 2026
    ** Copyright 1986-2022 Xilinx, Inc. All Rights Reserved.
    ** Copyright 2022-2025 Advanced Micro Devices, Inc. All Rights Reserved.

source main.tcl -notrace
create_project: Time (s): cpu = 00:00:13 ; elapsed = 00:00:10 . Memory (MB): peak = 493.336 ; gain = 212.207
Command: read_checkpoint -auto_incremental -incremental G:/system/NewCPU/NewCPU.srcs/utils_1/imports/synth_1/main.dcp
INFO: [Vivado 12-5825] Read reference checkpoint from G:/system/NewCPU/NewCPU.srcs/utils_1/imports/synth_1/main.dcp for incremental synthesis
INFO: [Vivado 12-7989] Please ensure there are no constraint changes
Command: synth_design -top main -part xc7a100tcsg324-1
Starting synth_design
Attempting to get a license for feature 'Synthesis' and/or device 'xc7a100t'
INFO: [Common 17-349] Got license for feature 'Synthesis' and/or device 'xc7a100t'
INFO: [Device 21-403] Loading part xc7a100tcsg324-1
INFO: [Designutils 20-5440] No compile time benefit to using incremental synthesis; A full resynthesis will be run
INFO: [Designutils 20-4379] Flow is switching to default flow due to incremental criteria not met. If you would like to alter this behaviour and have the flow terminate instead, please set the following parameter config_implementation {autoIncr.Synth.RejectBehavior Terminate}
INFO: [Synth 8-7079] Multithreading enabled for synth_design using a maximum of 2 processes.
INFO: [Synth 8-7078] Launching helper process for spawning children vivado processes
INFO: [Synth 8-7075] Helper process launched with PID 11148
---------------------------------------------------------------------------------
Starting RTL Elaboration : Time (s): cpu = 00:00:08 ; elapsed = 00:00:08 . Memory (MB): peak = 1202.074 ; gain = 494.730
---------------------------------------------------------------------------------
INFO: [Synth 8-11241] undeclared symbol 'extOP', assumed default net type 'wire' [G:/system/modules/SCPU.v:77]
INFO: [Synth 8-11241] undeclared symbol 'RegWrite', assumed default net type 'wire' [G:/system/modules/SCPU.v:99]
INFO: [Synth 8-11241] undeclared symbol 'IMMout', assumed default net type 'wire' [G:/system/modules/SCPU.v:104]
INFO: [Synth 8-11241] undeclared symbol 'Equal', assumed default net type 'wire' [G:/system/modules/SCPU.v:121]
INFO: [Synth 8-11241] undeclared symbol 'Lessthan', assumed default net type 'wire' [G:/system/modules/SCPU.v:122]
INFO: [Synth 8-11241] undeclared symbol 'LessthanU', assumed default net type 'wire' [G:/system/modules/SCPU.v:123]
INFO: [Synth 8-11241] undeclared symbol 'immout_EX', assumed default net type 'wire' [G:/system/modules/SCPU.v:131]
INFO: [Synth 8-11241] undeclared symbol 'rd2_MEM', assumed default net type 'wire' [G:/system/modules/SCPU.v:132]
INFO: [Synth 8-11241] undeclared symbol 'immout_MEM', assumed default net type 'wire' [G:/system/modules/SCPU.v:132]
INFO: [Synth 8-11241] undeclared symbol 'immout_WB', assumed default net type 'wire' [G:/system/modules/SCPU.v:143]
INFO: [Synth 8-11241] undeclared symbol 'counter_out', assumed default net type 'wire' [G:/system/modules/main.v:62]
INFO: [Synth 8-11241] undeclared symbol 'ROM_output', assumed default net type 'wire' [G:/system/modules/main.v:93]
WARNING: [Synth 8-8895] 'counter_out' is already implicitly declared on line 62 [G:/system/modules/main.v:113]
WARNING: [Synth 8-8895] 'ROM_output' is already implicitly declared on line 93 [G:/system/modules/main.v:139]
INFO: [Synth 8-6157] synthesizing module 'main' [G:/system/modules/main.v:2]
INFO: [Synth 8-6157] synthesizing module 'Enter' [G:/system/modules/Enter.v:21]
INFO: [Synth 8-6155] done synthesizing module 'Enter' (0#1) [G:/system/modules/Enter.v:21]
INFO: [Synth 8-6157] synthesizing module 'clk_div' [G:/system/modules/clk_div.v:2]
	Parameter div bound to: 1 - type: integer 
INFO: [Synth 8-6155] done synthesizing module 'clk_div' (0#1) [G:/system/modules/clk_div.v:2]
INFO: [Synth 8-6157] synthesizing module 'SPIO' [G:/system/modules/SPIO.v:15]
WARNING: [Synth 8-7071] port 'GPIOf0' of module 'SPIO' is unconnected for instance 'U7_SPIO' [G:/system/modules/main.v:36]
WARNING: [Synth 8-7023] instance 'U7_SPIO' of module 'SPIO' has 8 connections declared, but only 7 given [G:/system/modules/main.v:36]
INFO: [Synth 8-6157] synthesizing module 'Counter_x' [G:/system/modules/Counter_3_IO.v:21]
INFO: [Synth 8-6155] done synthesizing module 'Counter_x' (0#1) [G:/system/modules/Counter_3_IO.v:21]
INFO: [Synth 8-6157] synthesizing module 'dm_controller' [G:/system/modules/dm_controller.v:22]
INFO: [Synth 8-6155] done synthesizing module 'dm_controller' (0#1) [G:/system/modules/dm_controller.v:22]
INFO: [Synth 8-6157] synthesizing module 'SCPU' [G:/system/modules/SCPU.v:7]
INFO: [Synth 8-6157] synthesizing module 'Pipeline' [G:/system/modules/pipeline.v:1]
	Parameter WIDTH bound to: 64 - type: integer 
INFO: [Synth 8-6155] done synthesizing module 'Pipeline' (0#1) [G:/system/modules/pipeline.v:1]
INFO: [Synth 8-6157] synthesizing module 'ctrl' [G:/system/modules/ctrl.v:32]
INFO: [Synth 8-6155] done synthesizing module 'ctrl' (0#1) [G:/system/modules/ctrl.v:32]
WARNING: [Synth 8-689] width (1) of port connection 'EXTop' does not match port width (3) of module 'ctrl' [G:/system/modules/SCPU.v:77]
INFO: [Synth 8-6157] synthesizing module 'RF' [G:/system/modules/RF.v:1]
INFO: [Synth 8-6155] done synthesizing module 'RF' (0#1) [G:/system/modules/RF.v:1]
WARNING: [Synth 8-7071] port 'rf_debug0' of module 'RF' is unconnected for instance 'my_RF' [G:/system/modules/SCPU.v:90]
WARNING: [Synth 8-7071] port 'rf_debug1' of module 'RF' is unconnected for instance 'my_RF' [G:/system/modules/SCPU.v:90]
WARNING: [Synth 8-7071] port 'rf_debug2' of module 'RF' is unconnected for instance 'my_RF' [G:/system/modules/SCPU.v:90]
WARNING: [Synth 8-7071] port 'rf_debug3' of module 'RF' is unconnected for instance 'my_RF' [G:/system/modules/SCPU.v:90]
WARNING: [Synth 8-7071] port 'rf_debug4' of module 'RF' is unconnected for instance 'my_RF' [G:/system/modules/SCPU.v:90]
WARNING: [Synth 8-7071] port 'rf_debug5' of module 'RF' is unconnected for instance 'my_RF' [G:/system/modules/SCPU.v:90]
WARNING: [Synth 8-7071] port 'rf_debug6' of module 'RF' is unconnected for instance 'my_RF' [G:/system/modules/SCPU.v:90]
WARNING: [Synth 8-7071] port 'rf_debug7' of module 'RF' is unconnected for instance 'my_RF' [G:/system/modules/SCPU.v:90]
WARNING: [Synth 8-7071] port 'rf_debug8' of module 'RF' is unconnected for instance 'my_RF' [G:/system/modules/SCPU.v:90]
WARNING: [Synth 8-7071] port 'rf_debug9' of module 'RF' is unconnected for instance 'my_RF' [G:/system/modules/SCPU.v:90]
WARNING: [Synth 8-7071] port 'rf_debug10' of module 'RF' is unconnected for instance 'my_RF' [G:/system/modules/SCPU.v:90]
WARNING: [Synth 8-7071] port 'rf_debug11' of module 'RF' is unconnected for instance 'my_RF' [G:/system/modules/SCPU.v:90]
WARNING: [Synth 8-7071] port 'rf_debug12' of module 'RF' is unconnected for instance 'my_RF' [G:/system/modules/SCPU.v:90]
WARNING: [Synth 8-7071] port 'rf_debug13' of module 'RF' is unconnected for instance 'my_RF' [G:/system/modules/SCPU.v:90]
WARNING: [Synth 8-7071] port 'rf_debug14' of module 'RF' is unconnected for instance 'my_RF' [G:/system/modules/SCPU.v:90]
WARNING: [Synth 8-7071] port 'rf_debug15' of module 'RF' is unconnected for instance 'my_RF' [G:/system/modules/SCPU.v:90]
WARNING: [Synth 8-7071] port 'rf_debug16' of module 'RF' is unconnected for instance 'my_RF' [G:/system/modules/SCPU.v:90]
WARNING: [Synth 8-7071] port 'rf_debug17' of module 'RF' is unconnected for instance 'my_RF' [G:/system/modules/SCPU.v:90]
WARNING: [Synth 8-7071] port 'rf_debug18' of module 'RF' is unconnected for instance 'my_RF' [G:/system/modules/SCPU.v:90]
WARNING: [Synth 8-7071] port 'rf_debug19' of module 'RF' is unconnected for instance 'my_RF' [G:/system/modules/SCPU.v:90]
WARNING: [Synth 8-7071] port 'rf_debug20' of module 'RF' is unconnected for instance 'my_RF' [G:/system/modules/SCPU.v:90]
WARNING: [Synth 8-7071] port 'rf_debug21' of module 'RF' is unconnected for instance 'my_RF' [G:/system/modules/SCPU.v:90]
WARNING: [Synth 8-7071] port 'rf_debug22' of module 'RF' is unconnected for instance 'my_RF' [G:/system/modules/SCPU.v:90]
WARNING: [Synth 8-7071] port 'rf_debug23' of module 'RF' is unconnected for instance 'my_RF' [G:/system/modules/SCPU.v:90]
WARNING: [Synth 8-7071] port 'rf_debug24' of module 'RF' is unconnected for instance 'my_RF' [G:/system/modules/SCPU.v:90]
WARNING: [Synth 8-7071] port 'rf_debug25' of module 'RF' is unconnected for instance 'my_RF' [G:/system/modules/SCPU.v:90]
WARNING: [Synth 8-7071] port 'rf_debug26' of module 'RF' is unconnected for instance 'my_RF' [G:/system/modules/SCPU.v:90]
WARNING: [Synth 8-7071] port 'rf_debug27' of module 'RF' is unconnected for instance 'my_RF' [G:/system/modules/SCPU.v:90]
WARNING: [Synth 8-7071] port 'rf_debug28' of module 'RF' is unconnected for instance 'my_RF' [G:/system/modules/SCPU.v:90]
WARNING: [Synth 8-7071] port 'rf_debug29' of module 'RF' is unconnected for instance 'my_RF' [G:/system/modules/SCPU.v:90]
WARNING: [Synth 8-7071] port 'rf_debug30' of module 'RF' is unconnected for instance 'my_RF' [G:/system/modules/SCPU.v:90]
WARNING: [Synth 8-7071] port 'rf_debug31' of module 'RF' is unconnected for instance 'my_RF' [G:/system/modules/SCPU.v:90]
WARNING: [Synth 8-7023] instance 'my_RF' of module 'RF' has 41 connections declared, but only 9 given [G:/system/modules/SCPU.v:90]
INFO: [Synth 8-6157] synthesizing module 'EXT' [G:/system/modules/EXT.v:7]
INFO: [Synth 8-6155] done synthesizing module 'EXT' (0#1) [G:/system/modules/EXT.v:7]
WARNING: [Synth 8-689] width (1) of port connection 'EXTop' does not match port width (3) of module 'EXT' [G:/system/modules/SCPU.v:103]
WARNING: [Synth 8-689] width (1) of port connection 'immout' does not match port width (32) of module 'EXT' [G:/system/modules/SCPU.v:104]
INFO: [Synth 8-6157] synthesizing module 'Pipeline__parameterized0' [G:/system/modules/pipeline.v:1]
	Parameter WIDTH bound to: 175 - type: integer 
INFO: [Synth 8-6155] done synthesizing module 'Pipeline__parameterized0' (0#1) [G:/system/modules/pipeline.v:1]
WARNING: [Synth 8-689] width (179) of port connection 'data_in' does not match port width (175) of module 'Pipeline__parameterized0' [G:/system/modules/SCPU.v:111]
WARNING: [Synth 8-689] width (179) of port connection 'data_out' does not match port width (175) of module 'Pipeline__parameterized0' [G:/system/modules/SCPU.v:112]
INFO: [Synth 8-6157] synthesizing module 'ALU' [G:/system/modules/ALU.v:12]
INFO: [Synth 8-6155] done synthesizing module 'ALU' (0#1) [G:/system/modules/ALU.v:12]
INFO: [Synth 8-6157] synthesizing module 'Pipeline__parameterized1' [G:/system/modules/pipeline.v:1]
	Parameter WIDTH bound to: 137 - type: integer 
INFO: [Synth 8-6155] done synthesizing module 'Pipeline__parameterized1' (0#1) [G:/system/modules/pipeline.v:1]
WARNING: [Synth 8-689] width (138) of port connection 'data_in' does not match port width (137) of module 'Pipeline__parameterized1' [G:/system/modules/SCPU.v:131]
WARNING: [Synth 8-689] width (107) of port connection 'data_out' does not match port width (137) of module 'Pipeline__parameterized1' [G:/system/modules/SCPU.v:132]
INFO: [Synth 8-6157] synthesizing module 'Pipeline__parameterized2' [G:/system/modules/pipeline.v:1]
	Parameter WIDTH bound to: 200 - type: integer 
INFO: [Synth 8-6155] done synthesizing module 'Pipeline__parameterized2' (0#1) [G:/system/modules/pipeline.v:1]
WARNING: [Synth 8-689] width (135) of port connection 'data_in' does not match port width (200) of module 'Pipeline__parameterized2' [G:/system/modules/SCPU.v:142]
WARNING: [Synth 8-689] width (135) of port connection 'data_out' does not match port width (200) of module 'Pipeline__parameterized2' [G:/system/modules/SCPU.v:143]
INFO: [Synth 8-6155] done synthesizing module 'SCPU' (0#1) [G:/system/modules/SCPU.v:7]
INFO: [Synth 8-6157] synthesizing module 'RAM_B' [G:/system/NewCPU/NewCPU.runs/synth_1/.Xil/Vivado-27708-_Zoomy_/realtime/RAM_B_stub.v:6]
INFO: [Synth 8-6155] done synthesizing module 'RAM_B' (0#1) [G:/system/NewCPU/NewCPU.runs/synth_1/.Xil/Vivado-27708-_Zoomy_/realtime/RAM_B_stub.v:6]
INFO: [Synth 8-6157] synthesizing module 'MIO_BUS' [G:/system/modules/MIO_BUS.v:15]
INFO: [Synth 8-6155] done synthesizing module 'MIO_BUS' (0#1) [G:/system/modules/MIO_BUS.v:15]
WARNING: [Synth 8-7071] port 'data_ram_we' of module 'MIO_BUS' is unconnected for instance 'U4_MIO_BUS' [G:/system/modules/main.v:115]
WARNING: [Synth 8-7023] instance 'U4_MIO_BUS' of module 'MIO_BUS' has 22 connections declared, but only 21 given [G:/system/modules/main.v:115]
INFO: [Synth 8-6157] synthesizing module 'ROM_D' [G:/system/NewCPU/NewCPU.runs/synth_1/.Xil/Vivado-27708-_Zoomy_/realtime/ROM_D_stub.v:6]
INFO: [Synth 8-6155] done synthesizing module 'ROM_D' (0#1) [G:/system/NewCPU/NewCPU.runs/synth_1/.Xil/Vivado-27708-_Zoomy_/realtime/ROM_D_stub.v:6]
INFO: [Synth 8-6157] synthesizing module 'Multi_8CH32' [G:/system/modules/Multi_8CH32.v:15]
INFO: [Synth 8-6157] synthesizing module 'SSeg7' [G:/system/modules/SSeg7.v:15]
INFO: [Synth 8-6155] done synthesizing module 'main' (0#1) [G:/system/modules/main.v:2]
WARNING: [Synth 8-6014] Unused sequential element counter1_Lock_reg was removed.  [G:/system/modules/Counter_3_IO.v:45]
WARNING: [Synth 8-6014] Unused sequential element counter2_Lock_reg was removed.  [G:/system/modules/Counter_3_IO.v:45]
WARNING: [Synth 8-6014] Unused sequential element M1_reg was removed.  [G:/system/modules/Counter_3_IO.v:50]
WARNING: [Synth 8-6014] Unused sequential element M2_reg was removed.  [G:/system/modules/Counter_3_IO.v:51]
WARNING: [Synth 8-7137] Register M0_reg in module Counter_x has both Set and reset with same priority. This may cause simulation mismatches. Consider rewriting code  [G:/system/modules/Counter_3_IO.v:49]
WARNING: [Synth 8-7137] Register clr0_reg in module Counter_x has both Set and reset with same priority. This may cause simulation mismatches. Consider rewriting code  [G:/system/modules/Counter_3_IO.v:71]
WARNING: [Synth 8-3848] Net counter1 in module/entity Counter_x does not have driver. [G:/system/modules/Counter_3_IO.v:36]
WARNING: [Synth 8-3848] Net counter2 in module/entity Counter_x does not have driver. [G:/system/modules/Counter_3_IO.v:36]
WARNING: [Synth 8-3848] Net mem_w in module/entity SCPU does not have driver. [G:/system/modules/SCPU.v:13]
WARNING: [Synth 8-3848] Net PC_out in module/entity SCPU does not have driver. [G:/system/modules/SCPU.v:14]
WARNING: [Synth 8-3848] Net dm_ctrl in module/entity SCPU does not have driver. [G:/system/modules/SCPU.v:17]
WARNING: [Synth 8-3848] Net CPU_MIO in module/entity SCPU does not have driver. [G:/system/modules/SCPU.v:18]
WARNING: [Synth 8-3848] Net immout_EX in module/entity SCPU does not have driver. [G:/system/modules/SCPU.v:131]
WARNING: [Synth 8-3848] Net IMMout_ID in module/entity SCPU does not have driver. [G:/system/modules/SCPU.v:25]
WARNING: [Synth 8-3848] Net IMMout_WB in module/entity SCPU does not have driver. [G:/system/modules/SCPU.v:25]
WARNING: [Synth 8-3848] Net RegWrite in module/entity SCPU does not have driver. [G:/system/modules/SCPU.v:99]
WARNING: [Synth 8-7129] Port clk in module MIO_BUS is either unconnected or has no load
WARNING: [Synth 8-7129] Port rst in module MIO_BUS is either unconnected or has no load
WARNING: [Synth 8-7129] Port PC[31] in module MIO_BUS is either unconnected or has no load
WARNING: [Synth 8-7129] Port PC[30] in module MIO_BUS is either unconnected or has no load
WARNING: [Synth 8-7129] Port PC[29] in module MIO_BUS is either unconnected or has no load
WARNING: [Synth 8-7129] Port PC[28] in module MIO_BUS is either unconnected or has no load
WARNING: [Synth 8-7129] Port PC[27] in module MIO_BUS is either unconnected or has no load
WARNING: [Synth 8-7129] Port PC[26] in module MIO_BUS is either unconnected or has no load
WARNING: [Synth 8-7129] Port PC[25] in module MIO_BUS is either unconnected or has no load
WARNING: [Synth 8-7129] Port PC[24] in module MIO_BUS is either unconnected or has no load
WARNING: [Synth 8-7129] Port PC[23] in module MIO_BUS is either unconnected or has no load
WARNING: [Synth 8-7129] Port PC[22] in module MIO_BUS is either unconnected or has no load
WARNING: [Synth 8-7129] Port PC[21] in module MIO_BUS is either unconnected or has no load
WARNING: [Synth 8-7129] Port PC[20] in module MIO_BUS is either unconnected or has no load
WARNING: [Synth 8-7129] Port PC[19] in module MIO_BUS is either unconnected or has no load
WARNING: [Synth 8-7129] Port PC[18] in module MIO_BUS is either unconnected or has no load
WARNING: [Synth 8-7129] Port PC[17] in module MIO_BUS is either unconnected or has no load
WARNING: [Synth 8-7129] Port PC[16] in module MIO_BUS is either unconnected or has no load
WARNING: [Synth 8-7129] Port PC[15] in module MIO_BUS is either unconnected or has no load
WARNING: [Synth 8-7129] Port PC[14] in module MIO_BUS is either unconnected or has no load
WARNING: [Synth 8-7129] Port PC[13] in module MIO_BUS is either unconnected or has no load
WARNING: [Synth 8-7129] Port PC[12] in module MIO_BUS is either unconnected or has no load
WARNING: [Synth 8-7129] Port PC[11] in module MIO_BUS is either unconnected or has no load
WARNING: [Synth 8-7129] Port PC[10] in module MIO_BUS is either unconnected or has no load
WARNING: [Synth 8-7129] Port PC[9] in module MIO_BUS is either unconnected or has no load
WARNING: [Synth 8-7129] Port PC[8] in module MIO_BUS is either unconnected or has no load
WARNING: [Synth 8-7129] Port PC[7] in module MIO_BUS is either unconnected or has no load
WARNING: [Synth 8-7129] Port PC[6] in module MIO_BUS is either unconnected or has no load
WARNING: [Synth 8-7129] Port PC[5] in module MIO_BUS is either unconnected or has no load
WARNING: [Synth 8-7129] Port PC[4] in module MIO_BUS is either unconnected or has no load
WARNING: [Synth 8-7129] Port PC[3] in module MIO_BUS is either unconnected or has no load
WARNING: [Synth 8-7129] Port PC[2] in module MIO_BUS is either unconnected or has no load
WARNING: [Synth 8-7129] Port PC[1] in module MIO_BUS is either unconnected or has no load
WARNING: [Synth 8-7129] Port PC[0] in module MIO_BUS is either unconnected or has no load
WARNING: [Synth 8-7129] Port addr_bus[27] in module MIO_BUS is either unconnected or has no load
WARNING: [Synth 8-7129] Port addr_bus[26] in module MIO_BUS is either unconnected or has no load
WARNING: [Synth 8-7129] Port addr_bus[25] in module MIO_BUS is either unconnected or has no load
WARNING: [Synth 8-7129] Port addr_bus[24] in module MIO_BUS is either unconnected or has no load
WARNING: [Synth 8-7129] Port addr_bus[23] in module MIO_BUS is either unconnected or has no load
WARNING: [Synth 8-7129] Port addr_bus[22] in module MIO_BUS is either unconnected or has no load
WARNING: [Synth 8-7129] Port addr_bus[21] in module MIO_BUS is either unconnected or has no load
WARNING: [Synth 8-7129] Port addr_bus[20] in module MIO_BUS is either unconnected or has no load
WARNING: [Synth 8-7129] Port addr_bus[19] in module MIO_BUS is either unconnected or has no load
WARNING: [Synth 8-7129] Port addr_bus[18] in module MIO_BUS is either unconnected or has no load
WARNING: [Synth 8-7129] Port addr_bus[17] in module MIO_BUS is either unconnected or has no load
WARNING: [Synth 8-7129] Port addr_bus[16] in module MIO_BUS is either unconnected or has no load
WARNING: [Synth 8-7129] Port addr_bus[15] in module MIO_BUS is either unconnected or has no load
WARNING: [Synth 8-7129] Port addr_bus[14] in module MIO_BUS is either unconnected or has no load
WARNING: [Synth 8-7129] Port addr_bus[13] in module MIO_BUS is either unconnected or has no load
WARNING: [Synth 8-7129] Port addr_bus[12] in module MIO_BUS is either unconnected or has no load
WARNING: [Synth 8-7129] Port led_out[15] in module MIO_BUS is either unconnected or has no load
WARNING: [Synth 8-7129] Port led_out[14] in module MIO_BUS is either unconnected or has no load
WARNING: [Synth 8-7129] Port led_out[13] in module MIO_BUS is either unconnected or has no load
WARNING: [Synth 8-7129] Port led_out[12] in module MIO_BUS is either unconnected or has no load
WARNING: [Synth 8-7129] Port led_out[11] in module MIO_BUS is either unconnected or has no load
WARNING: [Synth 8-7129] Port led_out[10] in module MIO_BUS is either unconnected or has no load
WARNING: [Synth 8-7129] Port led_out[9] in module MIO_BUS is either unconnected or has no load
WARNING: [Synth 8-7129] Port led_out[8] in module MIO_BUS is either unconnected or has no load
WARNING: [Synth 8-7129] Port led_out[7] in module MIO_BUS is either unconnected or has no load
WARNING: [Synth 8-7129] Port led_out[6] in module MIO_BUS is either unconnected or has no load
WARNING: [Synth 8-7129] Port led_out[5] in module MIO_BUS is either unconnected or has no load
WARNING: [Synth 8-7129] Port led_out[4] in module MIO_BUS is either unconnected or has no load
WARNING: [Synth 8-7129] Port led_out[3] in module MIO_BUS is either unconnected or has no load
WARNING: [Synth 8-7129] Port led_out[2] in module MIO_BUS is either unconnected or has no load
WARNING: [Synth 8-7129] Port led_out[1] in module MIO_BUS is either unconnected or has no load
WARNING: [Synth 8-7129] Port led_out[0] in module MIO_BUS is either unconnected or has no load
WARNING: [Synth 8-7129] Port counter0_out in module MIO_BUS is either unconnected or has no load
WARNING: [Synth 8-7129] Port counter1_out in module MIO_BUS is either unconnected or has no load
WARNING: [Synth 8-7129] Port counter2_out in module MIO_BUS is either unconnected or has no load
WARNING: [Synth 8-7129] Port instr[6] in module EXT is either unconnected or has no load
WARNING: [Synth 8-7129] Port instr[5] in module EXT is either unconnected or has no load
WARNING: [Synth 8-7129] Port instr[4] in module EXT is either unconnected or has no load
WARNING: [Synth 8-7129] Port instr[3] in module EXT is either unconnected or has no load
WARNING: [Synth 8-7129] Port instr[2] in module EXT is either unconnected or has no load
WARNING: [Synth 8-7129] Port instr[1] in module EXT is either unconnected or has no load
WARNING: [Synth 8-7129] Port instr[0] in module EXT is either unconnected or has no load
WARNING: [Synth 8-7129] Port mem_w in module SCPU is either unconnected or has no load
WARNING: [Synth 8-7129] Port PC_out[31] in module SCPU is either unconnected or has no load
WARNING: [Synth 8-7129] Port PC_out[30] in module SCPU is either unconnected or has no load
WARNING: [Synth 8-7129] Port PC_out[29] in module SCPU is either unconnected or has no load
WARNING: [Synth 8-7129] Port PC_out[28] in module SCPU is either unconnected or has no load
WARNING: [Synth 8-7129] Port PC_out[27] in module SCPU is either unconnected or has no load
WARNING: [Synth 8-7129] Port PC_out[26] in module SCPU is either unconnected or has no load
WARNING: [Synth 8-7129] Port PC_out[25] in module SCPU is either unconnected or has no load
WARNING: [Synth 8-7129] Port PC_out[24] in module SCPU is either unconnected or has no load
WARNING: [Synth 8-7129] Port PC_out[23] in module SCPU is either unconnected or has no load
WARNING: [Synth 8-7129] Port PC_out[22] in module SCPU is either unconnected or has no load
WARNING: [Synth 8-7129] Port PC_out[21] in module SCPU is either unconnected or has no load
WARNING: [Synth 8-7129] Port PC_out[20] in module SCPU is either unconnected or has no load
WARNING: [Synth 8-7129] Port PC_out[19] in module SCPU is either unconnected or has no load
WARNING: [Synth 8-7129] Port PC_out[18] in module SCPU is either unconnected or has no load
WARNING: [Synth 8-7129] Port PC_out[17] in module SCPU is either unconnected or has no load
WARNING: [Synth 8-7129] Port PC_out[16] in module SCPU is either unconnected or has no load
WARNING: [Synth 8-7129] Port PC_out[15] in module SCPU is either unconnected or has no load
WARNING: [Synth 8-7129] Port PC_out[14] in module SCPU is either unconnected or has no load
WARNING: [Synth 8-7129] Port PC_out[13] in module SCPU is either unconnected or has no load
WARNING: [Synth 8-7129] Port PC_out[12] in module SCPU is either unconnected or has no load
WARNING: [Synth 8-7129] Port PC_out[11] in module SCPU is either unconnected or has no load
WARNING: [Synth 8-7129] Port PC_out[10] in module SCPU is either unconnected or has no load
WARNING: [Synth 8-7129] Port PC_out[9] in module SCPU is either unconnected or has no load
INFO: [Common 17-14] Message 'Synth 8-7129' appears 100 times and further instances of the messages will be disabled. Use the Tcl command set_msg_config to change the current settings.
---------------------------------------------------------------------------------
Finished RTL Elaboration : Time (s): cpu = 00:00:11 ; elapsed = 00:00:11 . Memory (MB): peak = 1320.699 ; gain = 613.355
---------------------------------------------------------------------------------
---------------------------------------------------------------------------------
Start Handling Custom Attributes
---------------------------------------------------------------------------------
---------------------------------------------------------------------------------
Finished Handling Custom Attributes : Time (s): cpu = 00:00:11 ; elapsed = 00:00:11 . Memory (MB): peak = 1320.699 ; gain = 613.355
---------------------------------------------------------------------------------
---------------------------------------------------------------------------------
Finished RTL Optimization Phase 1 : Time (s): cpu = 00:00:11 ; elapsed = 00:00:11 . Memory (MB): peak = 1320.699 ; gain = 613.355
---------------------------------------------------------------------------------
Netlist sorting complete. Time (s): cpu = 00:00:00 ; elapsed = 00:00:00.060 . Memory (MB): peak = 1320.699 ; gain = 0.000
INFO: [Project 1-570] Preparing netlist for logic optimization

Processing XDC Constraints
Initializing timing engine
Parsing XDC File [g:/system/NewCPU/NewCPU.gen/sources_1/ip/ROM_D/ROM_D/ROM_D_in_context.xdc] for cell 'U2_ROM_D'
Finished Parsing XDC File [g:/system/NewCPU/NewCPU.gen/sources_1/ip/ROM_D/ROM_D/ROM_D_in_context.xdc] for cell 'U2_ROM_D'
Parsing XDC File [g:/system/NewCPU/NewCPU.gen/sources_1/ip/RAM_B/RAM_B/RAM_B_in_context.xdc] for cell 'U3_RAM_B'
Finished Parsing XDC File [g:/system/NewCPU/NewCPU.gen/sources_1/ip/RAM_B/RAM_B/RAM_B_in_context.xdc] for cell 'U3_RAM_B'
Parsing XDC File [G:/system/sources/icf.xdc]
WARNING: [Vivado 12-507] No nets matched 'sw_i_IBUF[15]'. [G:/system/sources/icf.xdc:5]
Finished Parsing XDC File [G:/system/sources/icf.xdc]
WARNING: [Project 1-498] One or more constraints failed evaluation while reading constraint file [G:/system/sources/icf.xdc] and the design contains unresolved black boxes. These constraints will be read post-synthesis (as long as their source constraint file is marked as used_in_implementation) and should be applied correctly then. You should review the constraints listed in the file [.Xil/main_propImpl.xdc] and check the run log file to verify that these constraints were correctly applied.
INFO: [Project 1-236] Implementation specific constraints were found while reading constraint file [G:/system/sources/icf.xdc]. These constraints will be ignored for synthesis but will be used in implementation. Impacted constraints are listed in the file [.Xil/main_propImpl.xdc].
Resolution: To avoid this warning, move constraints listed in [.Xil/main_propImpl.xdc] to another XDC file and exclude this new file from synthesis with the used_in_synthesis property (File Properties dialog in GUI) and re-run elaboration/synthesis.
Completed Processing XDC Constraints

Netlist sorting complete. Time (s): cpu = 00:00:00 ; elapsed = 00:00:00.002 . Memory (MB): peak = 1383.691 ; gain = 0.000
INFO: [Project 1-111] Unisim Transformation Summary:
No Unisim elements were transformed.

Constraint Validation Runtime : Time (s): cpu = 00:00:00 ; elapsed = 00:00:00.017 . Memory (MB): peak = 1383.691 ; gain = 0.000
INFO: [Designutils 20-5440] No compile time benefit to using incremental synthesis; A full resynthesis will be run
INFO: [Designutils 20-4379] Flow is switching to default flow due to incremental criteria not met. If you would like to alter this behaviour and have the flow terminate instead, please set the following parameter config_implementation {autoIncr.Synth.RejectBehavior Terminate}
---------------------------------------------------------------------------------
Finished Constraint Validation : Time (s): cpu = 00:00:23 ; elapsed = 00:00:25 . Memory (MB): peak = 1383.691 ; gain = 676.348
---------------------------------------------------------------------------------
---------------------------------------------------------------------------------
Start Loading Part and Timing Information
---------------------------------------------------------------------------------
Loading part: xc7a100tcsg324-1
---------------------------------------------------------------------------------
Finished Loading Part and Timing Information : Time (s): cpu = 00:00:23 ; elapsed = 00:00:25 . Memory (MB): peak = 1383.691 ; gain = 676.348
---------------------------------------------------------------------------------
---------------------------------------------------------------------------------
Start Applying 'set_property' XDC Constraints
---------------------------------------------------------------------------------
---------------------------------------------------------------------------------
Finished applying 'set_property' XDC Constraints : Time (s): cpu = 00:00:23 ; elapsed = 00:00:25 . Memory (MB): peak = 1383.691 ; gain = 676.348
---------------------------------------------------------------------------------
---------------------------------------------------------------------------------
Finished RTL Optimization Phase 2 : Time (s): cpu = 00:00:24 ; elapsed = 00:00:26 . Memory (MB): peak = 1383.691 ; gain = 676.348
---------------------------------------------------------------------------------
---------------------------------------------------------------------------------
Start RTL Component Statistics 
---------------------------------------------------------------------------------
Detailed RTL Component Info : 
+---Adders : 
	   2 Input   33 Bit       Adders := 1     
	   2 Input   32 Bit       Adders := 1     
	   3 Input   32 Bit       Adders := 1     
+---XORs : 
	   2 Input     32 Bit         XORs := 1     
+---Registers : 
	              200 Bit    Registers := 1     
	              175 Bit    Registers := 1     
	              137 Bit    Registers := 1     
	               64 Bit    Registers := 1     
	               33 Bit    Registers := 1     
	               32 Bit    Registers := 33    
	               24 Bit    Registers := 1     
	                1 Bit    Registers := 3     
+---Muxes : 
	   2 Input  200 Bit        Muxes := 1     
	   2 Input  175 Bit        Muxes := 1     
	   2 Input  137 Bit        Muxes := 1     
	   2 Input   64 Bit        Muxes := 1     
	   5 Input   33 Bit        Muxes := 1     
	   2 Input   33 Bit        Muxes := 3     
	   4 Input   33 Bit        Muxes := 1     
	   2 Input   32 Bit        Muxes := 10    
	   3 Input   32 Bit        Muxes := 2     
	   2 Input   16 Bit        Muxes := 3     
	   2 Input   10 Bit        Muxes := 1     
	   2 Input    8 Bit        Muxes := 1     
	   4 Input    8 Bit        Muxes := 1     
	   6 Input    3 Bit        Muxes := 1     
	   2 Input    3 Bit        Muxes := 1     
	   2 Input    1 Bit        Muxes := 37    
	   4 Input    1 Bit        Muxes := 4     
---------------------------------------------------------------------------------
Finished RTL Component Statistics 
---------------------------------------------------------------------------------
---------------------------------------------------------------------------------
Start Part Resource Summary
---------------------------------------------------------------------------------
Part Resources:
DSPs: 240 (col length:80)
BRAMs: 270 (col length: RAMB18 80 RAMB36 40)
---------------------------------------------------------------------------------
Finished Part Resource Summary
---------------------------------------------------------------------------------
---------------------------------------------------------------------------------
Start Cross Boundary and Area Optimization
---------------------------------------------------------------------------------
WARNING: [Synth 8-7080] Parallel synthesis criteria is not met
---------------------------------------------------------------------------------
Finished Cross Boundary and Area Optimization : Time (s): cpu = 00:00:28 ; elapsed = 00:00:30 . Memory (MB): peak = 1383.691 ; gain = 676.348
---------------------------------------------------------------------------------
---------------------------------------------------------------------------------
Start Applying XDC Timing Constraints
---------------------------------------------------------------------------------
---------------------------------------------------------------------------------
Finished Applying XDC Timing Constraints : Time (s): cpu = 00:00:37 ; elapsed = 00:00:40 . Memory (MB): peak = 1520.906 ; gain = 813.562
---------------------------------------------------------------------------------
---------------------------------------------------------------------------------
Start Timing Optimization
---------------------------------------------------------------------------------
---------------------------------------------------------------------------------
Finished Timing Optimization : Time (s): cpu = 00:00:37 ; elapsed = 00:00:40 . Memory (MB): peak = 1530.871 ; gain = 823.527
---------------------------------------------------------------------------------
---------------------------------------------------------------------------------
Start Technology Mapping
---------------------------------------------------------------------------------
---------------------------------------------------------------------------------
Finished Technology Mapping : Time (s): cpu = 00:00:37 ; elapsed = 00:00:40 . Memory (MB): peak = 1531.875 ; gain = 824.531
---------------------------------------------------------------------------------
---------------------------------------------------------------------------------
Start IO Insertion
---------------------------------------------------------------------------------
---------------------------------------------------------------------------------
Start Flattening Before IO Insertion
---------------------------------------------------------------------------------
---------------------------------------------------------------------------------
Finished Flattening Before IO Insertion
---------------------------------------------------------------------------------
---------------------------------------------------------------------------------
Start Final Netlist Cleanup
---------------------------------------------------------------------------------
---------------------------------------------------------------------------------
Finished Final Netlist Cleanup
---------------------------------------------------------------------------------
---------------------------------------------------------------------------------
Finished IO Insertion : Time (s): cpu = 00:00:44 ; elapsed = 00:00:47 . Memory (MB): peak = 1765.594 ; gain = 1058.250
---------------------------------------------------------------------------------
---------------------------------------------------------------------------------
Start Renaming Generated Instances
---------------------------------------------------------------------------------
---------------------------------------------------------------------------------
Finished Renaming Generated Instances : Time (s): cpu = 00:00:44 ; elapsed = 00:00:47 . Memory (MB): peak = 1765.594 ; gain = 1058.250
---------------------------------------------------------------------------------
---------------------------------------------------------------------------------
Start Rebuilding User Hierarchy
---------------------------------------------------------------------------------
---------------------------------------------------------------------------------
Finished Rebuilding User Hierarchy : Time (s): cpu = 00:00:44 ; elapsed = 00:00:47 . Memory (MB): peak = 1765.594 ; gain = 1058.250
---------------------------------------------------------------------------------
---------------------------------------------------------------------------------
Start Renaming Generated Ports
---------------------------------------------------------------------------------
---------------------------------------------------------------------------------
Finished Renaming Generated Ports : Time (s): cpu = 00:00:44 ; elapsed = 00:00:47 . Memory (MB): peak = 1765.594 ; gain = 1058.250
---------------------------------------------------------------------------------
---------------------------------------------------------------------------------
Start Handling Custom Attributes
---------------------------------------------------------------------------------
---------------------------------------------------------------------------------
Finished Handling Custom Attributes : Time (s): cpu = 00:00:44 ; elapsed = 00:00:47 . Memory (MB): peak = 1765.594 ; gain = 1058.250
---------------------------------------------------------------------------------
---------------------------------------------------------------------------------
Start Renaming Generated Nets
---------------------------------------------------------------------------------
---------------------------------------------------------------------------------
Finished Renaming Generated Nets : Time (s): cpu = 00:00:44 ; elapsed = 00:00:47 . Memory (MB): peak = 1765.594 ; gain = 1058.250
---------------------------------------------------------------------------------
---------------------------------------------------------------------------------
Start Writing Synthesis Report
---------------------------------------------------------------------------------

Report BlackBoxes: 
+------+--------------+----------+
|      |BlackBox name |Instances |
+------+--------------+----------+
|1     |RAM_B         |         1|
|2     |ROM_D         |         1|
|3     |SPIO          |         1|
|4     |Multi_8CH32   |         1|
|5     |SSeg7         |         1|
+------+--------------+----------+

Report Cell Usage: 
+------+-----------------+------+
|      |Cell             |Count |
+------+-----------------+------+
|1     |Multi_8CH32_bbox |     1|
|2     |RAM_B            |     1|
|3     |ROM_D            |     1|
|4     |SPIO_bbox        |     1|
|5     |SSeg7_bbox       |     1|
|6     |BUFG             |     3|
|7     |CARRY4           |    24|
|8     |LUT1             |    37|
|9     |LUT2             |     7|
|10    |LUT3             |    77|
|11    |LUT4             |     4|
|12    |LUT5             |    47|
|13    |LUT6             |    16|
|14    |MUXF7            |     2|
|15    |FDCE             |   122|
|16    |IBUF             |     7|
|17    |OBUF             |    32|
+------+-----------------+------+
---------------------------------------------------------------------------------
Finished Writing Synthesis Report : Time (s): cpu = 00:00:44 ; elapsed = 00:00:47 . Memory (MB): peak = 1765.594 ; gain = 1058.250
---------------------------------------------------------------------------------
Synthesis finished with 0 errors, 0 critical warnings and 47 warnings.
Synthesis Optimization Runtime : Time (s): cpu = 00:00:30 ; elapsed = 00:00:44 . Memory (MB): peak = 1765.594 ; gain = 995.258
Synthesis Optimization Complete : Time (s): cpu = 00:00:44 ; elapsed = 00:00:48 . Memory (MB): peak = 1765.594 ; gain = 1058.250
INFO: [Project 1-571] Translating synthesized netlist
Parsing EDIF File [G:/system/modules/SPIO.edf]
Finished Parsing EDIF File [G:/system/modules/SPIO.edf]
Parsing EDIF File [G:/system/modules/Multi_8CH32.edf]
Finished Parsing EDIF File [G:/system/modules/Multi_8CH32.edf]
Parsing EDIF File [G:/system/modules/SSeg7.edf]
Finished Parsing EDIF File [G:/system/modules/SSeg7.edf]
Netlist sorting complete. Time (s): cpu = 00:00:00 ; elapsed = 00:00:00.010 . Memory (MB): peak = 1781.598 ; gain = 0.000
INFO: [Netlist 29-17] Analyzing 74 Unisim elements for replacement
INFO: [Netlist 29-28] Unisim Transformation completed in 0 CPU seconds
INFO: [Project 1-479] Netlist was created with Vivado 2018.1
INFO: [Project 1-570] Preparing netlist for logic optimization
WARNING: [Opt 31-32] Removing redundant IBUF since it is not being driven by a top-level port. U6_SSeg7/Hexs_IBUF[0]_inst 
Resolution: The tool has removed redundant IBUF. To resolve this warning, check for redundant IBUF in the input design.
WARNING: [Opt 31-32] Removing redundant IBUF since it is not being driven by a top-level port. U6_SSeg7/Hexs_IBUF[10]_inst 
Resolution: The tool has removed redundant IBUF. To resolve this warning, check for redundant IBUF in the input design.
WARNING: [Opt 31-32] Removing redundant IBUF since it is not being driven by a top-level port. U6_SSeg7/Hexs_IBUF[11]_inst 
Resolution: The tool has removed redundant IBUF. To resolve this warning, check for redundant IBUF in the input design.
WARNING: [Opt 31-32] Removing redundant IBUF since it is not being driven by a top-level port. U6_SSeg7/Hexs_IBUF[12]_inst 
Resolution: The tool has removed redundant IBUF. To resolve this warning, check for redundant IBUF in the input design.
WARNING: [Opt 31-32] Removing redundant IBUF since it is not being driven by a top-level port. U6_SSeg7/Hexs_IBUF[13]_inst 
Resolution: The tool has removed redundant IBUF. To resolve this warning, check for redundant IBUF in the input design.
WARNING: [Opt 31-32] Removing redundant IBUF since it is not being driven by a top-level port. U6_SSeg7/Hexs_IBUF[14]_inst 
Resolution: The tool has removed redundant IBUF. To resolve this warning, check for redundant IBUF in the input design.
WARNING: [Opt 31-32] Removing redundant IBUF since it is not being driven by a top-level port. U6_SSeg7/Hexs_IBUF[15]_inst 
Resolution: The tool has removed redundant IBUF. To resolve this warning, check for redundant IBUF in the input design.
WARNING: [Opt 31-32] Removing redundant IBUF since it is not being driven by a top-level port. U6_SSeg7/Hexs_IBUF[16]_inst 
Resolution: The tool has removed redundant IBUF. To resolve this warning, check for redundant IBUF in the input design.
WARNING: [Opt 31-32] Removing redundant IBUF since it is not being driven by a top-level port. U6_SSeg7/Hexs_IBUF[17]_inst 
Resolution: The tool has removed redundant IBUF. To resolve this warning, check for redundant IBUF in the input design.
WARNING: [Opt 31-32] Removing redundant IBUF since it is not being driven by a top-level port. U6_SSeg7/Hexs_IBUF[18]_inst 
Resolution: The tool has removed redundant IBUF. To resolve this warning, check for redundant IBUF in the input design.
WARNING: [Opt 31-32] Removing redundant IBUF since it is not being driven by a top-level port. U6_SSeg7/Hexs_IBUF[19]_inst 
Resolution: The tool has removed redundant IBUF. To resolve this warning, check for redundant IBUF in the input design.
WARNING: [Opt 31-32] Removing redundant IBUF since it is not being driven by a top-level port. U6_SSeg7/Hexs_IBUF[1]_inst 
Resolution: The tool has removed redundant IBUF. To resolve this warning, check for redundant IBUF in the input design.
WARNING: [Opt 31-32] Removing redundant IBUF since it is not being driven by a top-level port. U6_SSeg7/Hexs_IBUF[20]_inst 
Resolution: The tool has removed redundant IBUF. To resolve this warning, check for redundant IBUF in the input design.
WARNING: [Opt 31-32] Removing redundant IBUF since it is not being driven by a top-level port. U6_SSeg7/Hexs_IBUF[21]_inst 
Resolution: The tool has removed redundant IBUF. To resolve this warning, check for redundant IBUF in the input design.
WARNING: [Opt 31-32] Removing redundant IBUF since it is not being driven by a top-level port. U6_SSeg7/Hexs_IBUF[22]_inst 
Resolution: The tool has removed redundant IBUF. To resolve this warning, check for redundant IBUF in the input design.
WARNING: [Opt 31-32] Removing redundant IBUF since it is not being driven by a top-level port. U6_SSeg7/Hexs_IBUF[23]_inst 
Resolution: The tool has removed redundant IBUF. To resolve this warning, check for redundant IBUF in the input design.
WARNING: [Opt 31-32] Removing redundant IBUF since it is not being driven by a top-level port. U6_SSeg7/Hexs_IBUF[24]_inst 
Resolution: The tool has removed redundant IBUF. To resolve this warning, check for redundant IBUF in the input design.
WARNING: [Opt 31-32] Removing redundant IBUF since it is not being driven by a top-level port. U6_SSeg7/Hexs_IBUF[25]_inst 
Resolution: The tool has removed redundant IBUF. To resolve this warning, check for redundant IBUF in the input design.
WARNING: [Opt 31-32] Removing redundant IBUF since it is not being driven by a top-level port. U6_SSeg7/Hexs_IBUF[26]_inst 
Resolution: The tool has removed redundant IBUF. To resolve this warning, check for redundant IBUF in the input design.
WARNING: [Opt 31-32] Removing redundant IBUF since it is not being driven by a top-level port. U6_SSeg7/Hexs_IBUF[27]_inst 
Resolution: The tool has removed redundant IBUF. To resolve this warning, check for redundant IBUF in the input design.
WARNING: [Opt 31-32] Removing redundant IBUF since it is not being driven by a top-level port. U6_SSeg7/Hexs_IBUF[28]_inst 
Resolution: The tool has removed redundant IBUF. To resolve this warning, check for redundant IBUF in the input design.
WARNING: [Opt 31-32] Removing redundant IBUF since it is not being driven by a top-level port. U6_SSeg7/Hexs_IBUF[29]_inst 
Resolution: The tool has removed redundant IBUF. To resolve this warning, check for redundant IBUF in the input design.
WARNING: [Opt 31-32] Removing redundant IBUF since it is not being driven by a top-level port. U6_SSeg7/Hexs_IBUF[2]_inst 
Resolution: The tool has removed redundant IBUF. To resolve this warning, check for redundant IBUF in the input design.
WARNING: [Opt 31-32] Removing redundant IBUF since it is not being driven by a top-level port. U6_SSeg7/Hexs_IBUF[30]_inst 
Resolution: The tool has removed redundant IBUF. To resolve this warning, check for redundant IBUF in the input design.
WARNING: [Opt 31-32] Removing redundant IBUF since it is not being driven by a top-level port. U6_SSeg7/Hexs_IBUF[31]_inst 
Resolution: The tool has removed redundant IBUF. To resolve this warning, check for redundant IBUF in the input design.
WARNING: [Opt 31-32] Removing redundant IBUF since it is not being driven by a top-level port. U6_SSeg7/Hexs_IBUF[3]_inst 
Resolution: The tool has removed redundant IBUF. To resolve this warning, check for redundant IBUF in the input design.
WARNING: [Opt 31-32] Removing redundant IBUF since it is not being driven by a top-level port. U6_SSeg7/Hexs_IBUF[4]_inst 
Resolution: The tool has removed redundant IBUF. To resolve this warning, check for redundant IBUF in the input design.
WARNING: [Opt 31-32] Removing redundant IBUF since it is not being driven by a top-level port. U6_SSeg7/Hexs_IBUF[5]_inst 
Resolution: The tool has removed redundant IBUF. To resolve this warning, check for redundant IBUF in the input design.
WARNING: [Opt 31-32] Removing redundant IBUF since it is not being driven by a top-level port. U6_SSeg7/Hexs_IBUF[6]_inst 
Resolution: The tool has removed redundant IBUF. To resolve this warning, check for redundant IBUF in the input design.
WARNING: [Opt 31-32] Removing redundant IBUF since it is not being driven by a top-level port. U6_SSeg7/Hexs_IBUF[7]_inst 
Resolution: The tool has removed redundant IBUF. To resolve this warning, check for redundant IBUF in the input design.
WARNING: [Opt 31-32] Removing redundant IBUF since it is not being driven by a top-level port. U6_SSeg7/Hexs_IBUF[8]_inst 
Resolution: The tool has removed redundant IBUF. To resolve this warning, check for redundant IBUF in the input design.
WARNING: [Opt 31-32] Removing redundant IBUF since it is not being driven by a top-level port. U6_SSeg7/Hexs_IBUF[9]_inst 
Resolution: The tool has removed redundant IBUF. To resolve this warning, check for redundant IBUF in the input design.
WARNING: [Opt 31-32] Removing redundant IBUF since it is not being driven by a top-level port. U6_SSeg7/LES_IBUF[0]_inst 
Resolution: The tool has removed redundant IBUF. To resolve this warning, check for redundant IBUF in the input design.
WARNING: [Opt 31-32] Removing redundant IBUF since it is not being driven by a top-level port. U6_SSeg7/LES_IBUF[1]_inst 
Resolution: The tool has removed redundant IBUF. To resolve this warning, check for redundant IBUF in the input design.
WARNING: [Opt 31-32] Removing redundant IBUF since it is not being driven by a top-level port. U6_SSeg7/LES_IBUF[2]_inst 
Resolution: The tool has removed redundant IBUF. To resolve this warning, check for redundant IBUF in the input design.
WARNING: [Opt 31-32] Removing redundant IBUF since it is not being driven by a top-level port. U6_SSeg7/LES_IBUF[3]_inst 
Resolution: The tool has removed redundant IBUF. To resolve this warning, check for redundant IBUF in the input design.
WARNING: [Opt 31-32] Removing redundant IBUF since it is not being driven by a top-level port. U6_SSeg7/LES_IBUF[4]_inst 
Resolution: The tool has removed redundant IBUF. To resolve this warning, check for redundant IBUF in the input design.
WARNING: [Opt 31-32] Removing redundant IBUF since it is not being driven by a top-level port. U6_SSeg7/LES_IBUF[5]_inst 
Resolution: The tool has removed redundant IBUF. To resolve this warning, check for redundant IBUF in the input design.
WARNING: [Opt 31-32] Removing redundant IBUF since it is not being driven by a top-level port. U6_SSeg7/LES_IBUF[6]_inst 
Resolution: The tool has removed redundant IBUF. To resolve this warning, check for redundant IBUF in the input design.
WARNING: [Opt 31-32] Removing redundant IBUF since it is not being driven by a top-level port. U6_SSeg7/LES_IBUF[7]_inst 
Resolution: The tool has removed redundant IBUF. To resolve this warning, check for redundant IBUF in the input design.
WARNING: [Opt 31-35] Removing redundant IBUF, U6_SSeg7/SW0_IBUF_inst, from the path connected to top-level port: sw_i[0] 
Resolution: The tool has removed redundant IBUF. To resolve this warning, check for redundant IBUF in the input design.
WARNING: [Opt 31-32] Removing redundant IBUF since it is not being driven by a top-level port. U6_SSeg7/clk_IBUF_inst 
Resolution: The tool has removed redundant IBUF. To resolve this warning, check for redundant IBUF in the input design.
WARNING: [Opt 31-32] Removing redundant IBUF since it is not being driven by a top-level port. U6_SSeg7/flash_IBUF_inst 
Resolution: The tool has removed redundant IBUF. To resolve this warning, check for redundant IBUF in the input design.
WARNING: [Opt 31-32] Removing redundant IBUF since it is not being driven by a top-level port. U6_SSeg7/point_IBUF[0]_inst 
Resolution: The tool has removed redundant IBUF. To resolve this warning, check for redundant IBUF in the input design.
WARNING: [Opt 31-32] Removing redundant IBUF since it is not being driven by a top-level port. U6_SSeg7/point_IBUF[1]_inst 
Resolution: The tool has removed redundant IBUF. To resolve this warning, check for redundant IBUF in the input design.
WARNING: [Opt 31-32] Removing redundant IBUF since it is not being driven by a top-level port. U6_SSeg7/point_IBUF[2]_inst 
Resolution: The tool has removed redundant IBUF. To resolve this warning, check for redundant IBUF in the input design.
WARNING: [Opt 31-32] Removing redundant IBUF since it is not being driven by a top-level port. U6_SSeg7/point_IBUF[3]_inst 
Resolution: The tool has removed redundant IBUF. To resolve this warning, check for redundant IBUF in the input design.
WARNING: [Opt 31-32] Removing redundant IBUF since it is not being driven by a top-level port. U6_SSeg7/point_IBUF[4]_inst 
Resolution: The tool has removed redundant IBUF. To resolve this warning, check for redundant IBUF in the input design.
WARNING: [Opt 31-32] Removing redundant IBUF since it is not being driven by a top-level port. U6_SSeg7/point_IBUF[5]_inst 
Resolution: The tool has removed redundant IBUF. To resolve this warning, check for redundant IBUF in the input design.
WARNING: [Opt 31-32] Removing redundant IBUF since it is not being driven by a top-level port. U6_SSeg7/point_IBUF[6]_inst 
Resolution: The tool has removed redundant IBUF. To resolve this warning, check for redundant IBUF in the input design.
WARNING: [Opt 31-32] Removing redundant IBUF since it is not being driven by a top-level port. U6_SSeg7/point_IBUF[7]_inst 
Resolution: The tool has removed redundant IBUF. To resolve this warning, check for redundant IBUF in the input design.
WARNING: [Opt 31-32] Removing redundant IBUF since it is not being driven by a top-level port. U6_SSeg7/rst_IBUF_inst 
Resolution: The tool has removed redundant IBUF. To resolve this warning, check for redundant IBUF in the input design.
WARNING: [Opt 31-32] Removing redundant IBUF since it is not being driven by a top-level port. U7_SPIO/EN_IBUF_inst 
Resolution: The tool has removed redundant IBUF. To resolve this warning, check for redundant IBUF in the input design.
WARNING: [Opt 31-32] Removing redundant IBUF since it is not being driven by a top-level port. U7_SPIO/P_Data_IBUF[0]_inst 
Resolution: The tool has removed redundant IBUF. To resolve this warning, check for redundant IBUF in the input design.
WARNING: [Opt 31-32] Removing redundant IBUF since it is not being driven by a top-level port. U7_SPIO/P_Data_IBUF[10]_inst 
Resolution: The tool has removed redundant IBUF. To resolve this warning, check for redundant IBUF in the input design.
WARNING: [Opt 31-32] Removing redundant IBUF since it is not being driven by a top-level port. U7_SPIO/P_Data_IBUF[11]_inst 
Resolution: The tool has removed redundant IBUF. To resolve this warning, check for redundant IBUF in the input design.
WARNING: [Opt 31-32] Removing redundant IBUF since it is not being driven by a top-level port. U7_SPIO/P_Data_IBUF[12]_inst 
Resolution: The tool has removed redundant IBUF. To resolve this warning, check for redundant IBUF in the input design.
WARNING: [Opt 31-32] Removing redundant IBUF since it is not being driven by a top-level port. U7_SPIO/P_Data_IBUF[13]_inst 
Resolution: The tool has removed redundant IBUF. To resolve this warning, check for redundant IBUF in the input design.
WARNING: [Opt 31-32] Removing redundant IBUF since it is not being driven by a top-level port. U7_SPIO/P_Data_IBUF[14]_inst 
Resolution: The tool has removed redundant IBUF. To resolve this warning, check for redundant IBUF in the input design.
WARNING: [Opt 31-32] Removing redundant IBUF since it is not being driven by a top-level port. U7_SPIO/P_Data_IBUF[15]_inst 
Resolution: The tool has removed redundant IBUF. To resolve this warning, check for redundant IBUF in the input design.
WARNING: [Opt 31-32] Removing redundant IBUF since it is not being driven by a top-level port. U7_SPIO/P_Data_IBUF[16]_inst 
Resolution: The tool has removed redundant IBUF. To resolve this warning, check for redundant IBUF in the input design.
WARNING: [Opt 31-32] Removing redundant IBUF since it is not being driven by a top-level port. U7_SPIO/P_Data_IBUF[17]_inst 
Resolution: The tool has removed redundant IBUF. To resolve this warning, check for redundant IBUF in the input design.
WARNING: [Opt 31-32] Removing redundant IBUF since it is not being driven by a top-level port. U7_SPIO/P_Data_IBUF[18]_inst 
Resolution: The tool has removed redundant IBUF. To resolve this warning, check for redundant IBUF in the input design.
WARNING: [Opt 31-32] Removing redundant IBUF since it is not being driven by a top-level port. U7_SPIO/P_Data_IBUF[19]_inst 
Resolution: The tool has removed redundant IBUF. To resolve this warning, check for redundant IBUF in the input design.
WARNING: [Opt 31-32] Removing redundant IBUF since it is not being driven by a top-level port. U7_SPIO/P_Data_IBUF[1]_inst 
Resolution: The tool has removed redundant IBUF. To resolve this warning, check for redundant IBUF in the input design.
WARNING: [Opt 31-32] Removing redundant IBUF since it is not being driven by a top-level port. U7_SPIO/P_Data_IBUF[20]_inst 
Resolution: The tool has removed redundant IBUF. To resolve this warning, check for redundant IBUF in the input design.
WARNING: [Opt 31-32] Removing redundant IBUF since it is not being driven by a top-level port. U7_SPIO/P_Data_IBUF[21]_inst 
Resolution: The tool has removed redundant IBUF. To resolve this warning, check for redundant IBUF in the input design.
WARNING: [Opt 31-32] Removing redundant IBUF since it is not being driven by a top-level port. U7_SPIO/P_Data_IBUF[22]_inst 
Resolution: The tool has removed redundant IBUF. To resolve this warning, check for redundant IBUF in the input design.
WARNING: [Opt 31-32] Removing redundant IBUF since it is not being driven by a top-level port. U7_SPIO/P_Data_IBUF[23]_inst 
Resolution: The tool has removed redundant IBUF. To resolve this warning, check for redundant IBUF in the input design.
WARNING: [Opt 31-32] Removing redundant IBUF since it is not being driven by a top-level port. U7_SPIO/P_Data_IBUF[24]_inst 
Resolution: The tool has removed redundant IBUF. To resolve this warning, check for redundant IBUF in the input design.
WARNING: [Opt 31-32] Removing redundant IBUF since it is not being driven by a top-level port. U7_SPIO/P_Data_IBUF[25]_inst 
Resolution: The tool has removed redundant IBUF. To resolve this warning, check for redundant IBUF in the input design.
WARNING: [Opt 31-32] Removing redundant IBUF since it is not being driven by a top-level port. U7_SPIO/P_Data_IBUF[26]_inst 
Resolution: The tool has removed redundant IBUF. To resolve this warning, check for redundant IBUF in the input design.
WARNING: [Opt 31-32] Removing redundant IBUF since it is not being driven by a top-level port. U7_SPIO/P_Data_IBUF[27]_inst 
Resolution: The tool has removed redundant IBUF. To resolve this warning, check for redundant IBUF in the input design.
WARNING: [Opt 31-32] Removing redundant IBUF since it is not being driven by a top-level port. U7_SPIO/P_Data_IBUF[28]_inst 
Resolution: The tool has removed redundant IBUF. To resolve this warning, check for redundant IBUF in the input design.
WARNING: [Opt 31-32] Removing redundant IBUF since it is not being driven by a top-level port. U7_SPIO/P_Data_IBUF[29]_inst 
Resolution: The tool has removed redundant IBUF. To resolve this warning, check for redundant IBUF in the input design.
WARNING: [Opt 31-32] Removing redundant IBUF since it is not being driven by a top-level port. U7_SPIO/P_Data_IBUF[2]_inst 
Resolution: The tool has removed redundant IBUF. To resolve this warning, check for redundant IBUF in the input design.
WARNING: [Opt 31-32] Removing redundant IBUF since it is not being driven by a top-level port. U7_SPIO/P_Data_IBUF[30]_inst 
Resolution: The tool has removed redundant IBUF. To resolve this warning, check for redundant IBUF in the input design.
WARNING: [Opt 31-32] Removing redundant IBUF since it is not being driven by a top-level port. U7_SPIO/P_Data_IBUF[31]_inst 
Resolution: The tool has removed redundant IBUF. To resolve this warning, check for redundant IBUF in the input design.
WARNING: [Opt 31-32] Removing redundant IBUF since it is not being driven by a top-level port. U7_SPIO/P_Data_IBUF[3]_inst 
Resolution: The tool has removed redundant IBUF. To resolve this warning, check for redundant IBUF in the input design.
WARNING: [Opt 31-32] Removing redundant IBUF since it is not being driven by a top-level port. U7_SPIO/P_Data_IBUF[4]_inst 
Resolution: The tool has removed redundant IBUF. To resolve this warning, check for redundant IBUF in the input design.
WARNING: [Opt 31-32] Removing redundant IBUF since it is not being driven by a top-level port. U7_SPIO/P_Data_IBUF[5]_inst 
Resolution: The tool has removed redundant IBUF. To resolve this warning, check for redundant IBUF in the input design.
WARNING: [Opt 31-32] Removing redundant IBUF since it is not being driven by a top-level port. U7_SPIO/P_Data_IBUF[6]_inst 
Resolution: The tool has removed redundant IBUF. To resolve this warning, check for redundant IBUF in the input design.
WARNING: [Opt 31-32] Removing redundant IBUF since it is not being driven by a top-level port. U7_SPIO/P_Data_IBUF[7]_inst 
Resolution: The tool has removed redundant IBUF. To resolve this warning, check for redundant IBUF in the input design.
WARNING: [Opt 31-32] Removing redundant IBUF since it is not being driven by a top-level port. U7_SPIO/P_Data_IBUF[8]_inst 
Resolution: The tool has removed redundant IBUF. To resolve this warning, check for redundant IBUF in the input design.
WARNING: [Opt 31-32] Removing redundant IBUF since it is not being driven by a top-level port. U7_SPIO/P_Data_IBUF[9]_inst 
Resolution: The tool has removed redundant IBUF. To resolve this warning, check for redundant IBUF in the input design.
WARNING: [Opt 31-32] Removing redundant IBUF since it is not being driven by a top-level port. U7_SPIO/clk_IBUF_inst 
Resolution: The tool has removed redundant IBUF. To resolve this warning, check for redundant IBUF in the input design.
WARNING: [Opt 31-32] Removing redundant IBUF since it is not being driven by a top-level port. U7_SPIO/rst_IBUF_inst 
Resolution: The tool has removed redundant IBUF. To resolve this warning, check for redundant IBUF in the input design.
WARNING: [Opt 31-36] Removing redundant OBUF, disp_seg_o_OBUF[7]_inst, from the path connected to top-level port: disp_seg_o[7] 
Resolution: The tool has removed redundant OBUF. To resolve this warning, check for redundant OBUF in the input design.
WARNING: [Opt 31-36] Removing redundant OBUF, disp_seg_o_OBUF[6]_inst, from the path connected to top-level port: disp_seg_o[6] 
Resolution: The tool has removed redundant OBUF. To resolve this warning, check for redundant OBUF in the input design.
WARNING: [Opt 31-36] Removing redundant OBUF, disp_seg_o_OBUF[5]_inst, from the path connected to top-level port: disp_seg_o[5] 
Resolution: The tool has removed redundant OBUF. To resolve this warning, check for redundant OBUF in the input design.
WARNING: [Opt 31-36] Removing redundant OBUF, disp_seg_o_OBUF[4]_inst, from the path connected to top-level port: disp_seg_o[4] 
Resolution: The tool has removed redundant OBUF. To resolve this warning, check for redundant OBUF in the input design.
WARNING: [Opt 31-36] Removing redundant OBUF, disp_seg_o_OBUF[3]_inst, from the path connected to top-level port: disp_seg_o[3] 
Resolution: The tool has removed redundant OBUF. To resolve this warning, check for redundant OBUF in the input design.
WARNING: [Opt 31-36] Removing redundant OBUF, disp_seg_o_OBUF[2]_inst, from the path connected to top-level port: disp_seg_o[2] 
Resolution: The tool has removed redundant OBUF. To resolve this warning, check for redundant OBUF in the input design.
WARNING: [Opt 31-36] Removing redundant OBUF, disp_seg_o_OBUF[1]_inst, from the path connected to top-level port: disp_seg_o[1] 
Resolution: The tool has removed redundant OBUF. To resolve this warning, check for redundant OBUF in the input design.
WARNING: [Opt 31-36] Removing redundant OBUF, disp_seg_o_OBUF[0]_inst, from the path connected to top-level port: disp_seg_o[0] 
Resolution: The tool has removed redundant OBUF. To resolve this warning, check for redundant OBUF in the input design.
WARNING: [Opt 31-36] Removing redundant OBUF, disp_an_o_OBUF[0]_inst, from the path connected to top-level port: disp_an_o[0] 
Resolution: The tool has removed redundant OBUF. To resolve this warning, check for redundant OBUF in the input design.
WARNING: [Opt 31-36] Removing redundant OBUF, disp_an_o_OBUF[1]_inst, from the path connected to top-level port: disp_an_o[1] 
Resolution: The tool has removed redundant OBUF. To resolve this warning, check for redundant OBUF in the input design.
WARNING: [Opt 31-36] Removing redundant OBUF, disp_an_o_OBUF[2]_inst, from the path connected to top-level port: disp_an_o[2] 
Resolution: The tool has removed redundant OBUF. To resolve this warning, check for redundant OBUF in the input design.
WARNING: [Opt 31-36] Removing redundant OBUF, disp_an_o_OBUF[3]_inst, from the path connected to top-level port: disp_an_o[3] 
Resolution: The tool has removed redundant OBUF. To resolve this warning, check for redundant OBUF in the input design.
WARNING: [Opt 31-36] Removing redundant OBUF, disp_an_o_OBUF[4]_inst, from the path connected to top-level port: disp_an_o[4] 
Resolution: The tool has removed redundant OBUF. To resolve this warning, check for redundant OBUF in the input design.
WARNING: [Opt 31-36] Removing redundant OBUF, disp_an_o_OBUF[5]_inst, from the path connected to top-level port: disp_an_o[5] 
Resolution: The tool has removed redundant OBUF. To resolve this warning, check for redundant OBUF in the input design.
WARNING: [Opt 31-36] Removing redundant OBUF, disp_an_o_OBUF[6]_inst, from the path connected to top-level port: disp_an_o[6] 
Resolution: The tool has removed redundant OBUF. To resolve this warning, check for redundant OBUF in the input design.
WARNING: [Opt 31-36] Removing redundant OBUF, disp_an_o_OBUF[7]_inst, from the path connected to top-level port: disp_an_o[7] 
Resolution: The tool has removed redundant OBUF. To resolve this warning, check for redundant OBUF in the input design.
WARNING: [Opt 31-33] Removing redundant OBUF since it is not driving a top-level port. U7_SPIO/GPIOf0_OBUF[0]_inst 
Resolution: The tool has removed redundant OBUF. To resolve this warning, check for redundant OBUF in the input design.
WARNING: [Opt 31-33] Removing redundant OBUF since it is not driving a top-level port. U7_SPIO/GPIOf0_OBUF[10]_inst 
Resolution: The tool has removed redundant OBUF. To resolve this warning, check for redundant OBUF in the input design.
WARNING: [Opt 31-33] Removing redundant OBUF since it is not driving a top-level port. U7_SPIO/GPIOf0_OBUF[11]_inst 
Resolution: The tool has removed redundant OBUF. To resolve this warning, check for redundant OBUF in the input design.
WARNING: [Opt 31-33] Removing redundant OBUF since it is not driving a top-level port. U7_SPIO/GPIOf0_OBUF[12]_inst 
Resolution: The tool has removed redundant OBUF. To resolve this warning, check for redundant OBUF in the input design.
WARNING: [Opt 31-33] Removing redundant OBUF since it is not driving a top-level port. U7_SPIO/GPIOf0_OBUF[13]_inst 
Resolution: The tool has removed redundant OBUF. To resolve this warning, check for redundant OBUF in the input design.
WARNING: [Opt 31-33] Removing redundant OBUF since it is not driving a top-level port. U7_SPIO/GPIOf0_OBUF[1]_inst 
Resolution: The tool has removed redundant OBUF. To resolve this warning, check for redundant OBUF in the input design.
WARNING: [Opt 31-33] Removing redundant OBUF since it is not driving a top-level port. U7_SPIO/GPIOf0_OBUF[2]_inst 
Resolution: The tool has removed redundant OBUF. To resolve this warning, check for redundant OBUF in the input design.
WARNING: [Opt 31-33] Removing redundant OBUF since it is not driving a top-level port. U7_SPIO/GPIOf0_OBUF[3]_inst 
Resolution: The tool has removed redundant OBUF. To resolve this warning, check for redundant OBUF in the input design.
WARNING: [Opt 31-33] Removing redundant OBUF since it is not driving a top-level port. U7_SPIO/GPIOf0_OBUF[4]_inst 
Resolution: The tool has removed redundant OBUF. To resolve this warning, check for redundant OBUF in the input design.
WARNING: [Opt 31-33] Removing redundant OBUF since it is not driving a top-level port. U7_SPIO/GPIOf0_OBUF[5]_inst 
Resolution: The tool has removed redundant OBUF. To resolve this warning, check for redundant OBUF in the input design.
WARNING: [Opt 31-33] Removing redundant OBUF since it is not driving a top-level port. U7_SPIO/GPIOf0_OBUF[6]_inst 
Resolution: The tool has removed redundant OBUF. To resolve this warning, check for redundant OBUF in the input design.
WARNING: [Opt 31-33] Removing redundant OBUF since it is not driving a top-level port. U7_SPIO/GPIOf0_OBUF[7]_inst 
Resolution: The tool has removed redundant OBUF. To resolve this warning, check for redundant OBUF in the input design.
WARNING: [Opt 31-33] Removing redundant OBUF since it is not driving a top-level port. U7_SPIO/GPIOf0_OBUF[8]_inst 
Resolution: The tool has removed redundant OBUF. To resolve this warning, check for redundant OBUF in the input design.
WARNING: [Opt 31-33] Removing redundant OBUF since it is not driving a top-level port. U7_SPIO/GPIOf0_OBUF[9]_inst 
Resolution: The tool has removed redundant OBUF. To resolve this warning, check for redundant OBUF in the input design.
WARNING: [Opt 31-33] Removing redundant OBUF since it is not driving a top-level port. U7_SPIO/LED_out_OBUF[0]_inst 
Resolution: The tool has removed redundant OBUF. To resolve this warning, check for redundant OBUF in the input design.
WARNING: [Opt 31-33] Removing redundant OBUF since it is not driving a top-level port. U7_SPIO/LED_out_OBUF[10]_inst 
Resolution: The tool has removed redundant OBUF. To resolve this warning, check for redundant OBUF in the input design.
WARNING: [Opt 31-33] Removing redundant OBUF since it is not driving a top-level port. U7_SPIO/LED_out_OBUF[11]_inst 
Resolution: The tool has removed redundant OBUF. To resolve this warning, check for redundant OBUF in the input design.
WARNING: [Opt 31-33] Removing redundant OBUF since it is not driving a top-level port. U7_SPIO/LED_out_OBUF[12]_inst 
Resolution: The tool has removed redundant OBUF. To resolve this warning, check for redundant OBUF in the input design.
WARNING: [Opt 31-33] Removing redundant OBUF since it is not driving a top-level port. U7_SPIO/LED_out_OBUF[13]_inst 
Resolution: The tool has removed redundant OBUF. To resolve this warning, check for redundant OBUF in the input design.
WARNING: [Opt 31-33] Removing redundant OBUF since it is not driving a top-level port. U7_SPIO/LED_out_OBUF[14]_inst 
Resolution: The tool has removed redundant OBUF. To resolve this warning, check for redundant OBUF in the input design.
WARNING: [Opt 31-33] Removing redundant OBUF since it is not driving a top-level port. U7_SPIO/LED_out_OBUF[15]_inst 
Resolution: The tool has removed redundant OBUF. To resolve this warning, check for redundant OBUF in the input design.
WARNING: [Opt 31-33] Removing redundant OBUF since it is not driving a top-level port. U7_SPIO/LED_out_OBUF[1]_inst 
Resolution: The tool has removed redundant OBUF. To resolve this warning, check for redundant OBUF in the input design.
WARNING: [Opt 31-33] Removing redundant OBUF since it is not driving a top-level port. U7_SPIO/LED_out_OBUF[2]_inst 
Resolution: The tool has removed redundant OBUF. To resolve this warning, check for redundant OBUF in the input design.
WARNING: [Opt 31-33] Removing redundant OBUF since it is not driving a top-level port. U7_SPIO/LED_out_OBUF[3]_inst 
Resolution: The tool has removed redundant OBUF. To resolve this warning, check for redundant OBUF in the input design.
WARNING: [Opt 31-33] Removing redundant OBUF since it is not driving a top-level port. U7_SPIO/LED_out_OBUF[4]_inst 
Resolution: The tool has removed redundant OBUF. To resolve this warning, check for redundant OBUF in the input design.
WARNING: [Opt 31-33] Removing redundant OBUF since it is not driving a top-level port. U7_SPIO/LED_out_OBUF[5]_inst 
Resolution: The tool has removed redundant OBUF. To resolve this warning, check for redundant OBUF in the input design.
WARNING: [Opt 31-33] Removing redundant OBUF since it is not driving a top-level port. U7_SPIO/LED_out_OBUF[6]_inst 
Resolution: The tool has removed redundant OBUF. To resolve this warning, check for redundant OBUF in the input design.
WARNING: [Opt 31-33] Removing redundant OBUF since it is not driving a top-level port. U7_SPIO/LED_out_OBUF[7]_inst 
Resolution: The tool has removed redundant OBUF. To resolve this warning, check for redundant OBUF in the input design.
WARNING: [Opt 31-33] Removing redundant OBUF since it is not driving a top-level port. U7_SPIO/LED_out_OBUF[8]_inst 
Resolution: The tool has removed redundant OBUF. To resolve this warning, check for redundant OBUF in the input design.
WARNING: [Opt 31-33] Removing redundant OBUF since it is not driving a top-level port. U7_SPIO/LED_out_OBUF[9]_inst 
Resolution: The tool has removed redundant OBUF. To resolve this warning, check for redundant OBUF in the input design.
WARNING: [Opt 31-36] Removing redundant OBUF, led_o_OBUF[9]_inst, from the path connected to top-level port: led_o[9] 
Resolution: The tool has removed redundant OBUF. To resolve this warning, check for redundant OBUF in the input design.
WARNING: [Opt 31-36] Removing redundant OBUF, led_o_OBUF[8]_inst, from the path connected to top-level port: led_o[8] 
Resolution: The tool has removed redundant OBUF. To resolve this warning, check for redundant OBUF in the input design.
WARNING: [Opt 31-36] Removing redundant OBUF, led_o_OBUF[7]_inst, from the path connected to top-level port: led_o[7] 
Resolution: The tool has removed redundant OBUF. To resolve this warning, check for redundant OBUF in the input design.
WARNING: [Opt 31-36] Removing redundant OBUF, led_o_OBUF[6]_inst, from the path connected to top-level port: led_o[6] 
Resolution: The tool has removed redundant OBUF. To resolve this warning, check for redundant OBUF in the input design.
WARNING: [Opt 31-36] Removing redundant OBUF, led_o_OBUF[5]_inst, from the path connected to top-level port: led_o[5] 
Resolution: The tool has removed redundant OBUF. To resolve this warning, check for redundant OBUF in the input design.
WARNING: [Opt 31-36] Removing redundant OBUF, led_o_OBUF[4]_inst, from the path connected to top-level port: led_o[4] 
Resolution: The tool has removed redundant OBUF. To resolve this warning, check for redundant OBUF in the input design.
WARNING: [Opt 31-36] Removing redundant OBUF, led_o_OBUF[3]_inst, from the path connected to top-level port: led_o[3] 
Resolution: The tool has removed redundant OBUF. To resolve this warning, check for redundant OBUF in the input design.
WARNING: [Opt 31-36] Removing redundant OBUF, led_o_OBUF[2]_inst, from the path connected to top-level port: led_o[2] 
Resolution: The tool has removed redundant OBUF. To resolve this warning, check for redundant OBUF in the input design.
WARNING: [Opt 31-36] Removing redundant OBUF, led_o_OBUF[1]_inst, from the path connected to top-level port: led_o[1] 
Resolution: The tool has removed redundant OBUF. To resolve this warning, check for redundant OBUF in the input design.
WARNING: [Opt 31-36] Removing redundant OBUF, led_o_OBUF[15]_inst, from the path connected to top-level port: led_o[15] 
Resolution: The tool has removed redundant OBUF. To resolve this warning, check for redundant OBUF in the input design.
WARNING: [Opt 31-36] Removing redundant OBUF, led_o_OBUF[14]_inst, from the path connected to top-level port: led_o[14] 
Resolution: The tool has removed redundant OBUF. To resolve this warning, check for redundant OBUF in the input design.
WARNING: [Opt 31-36] Removing redundant OBUF, led_o_OBUF[13]_inst, from the path connected to top-level port: led_o[13] 
Resolution: The tool has removed redundant OBUF. To resolve this warning, check for redundant OBUF in the input design.
WARNING: [Opt 31-36] Removing redundant OBUF, led_o_OBUF[12]_inst, from the path connected to top-level port: led_o[12] 
Resolution: The tool has removed redundant OBUF. To resolve this warning, check for redundant OBUF in the input design.
WARNING: [Opt 31-36] Removing redundant OBUF, led_o_OBUF[11]_inst, from the path connected to top-level port: led_o[11] 
Resolution: The tool has removed redundant OBUF. To resolve this warning, check for redundant OBUF in the input design.
WARNING: [Opt 31-36] Removing redundant OBUF, led_o_OBUF[10]_inst, from the path connected to top-level port: led_o[10] 
Resolution: The tool has removed redundant OBUF. To resolve this warning, check for redundant OBUF in the input design.
WARNING: [Opt 31-36] Removing redundant OBUF, led_o_OBUF[0]_inst, from the path connected to top-level port: led_o[0] 
Resolution: The tool has removed redundant OBUF. To resolve this warning, check for redundant OBUF in the input design.
WARNING: [Opt 31-33] Removing redundant OBUF since it is not driving a top-level port. U7_SPIO/counter_set_OBUF[1]_inst 
Resolution: The tool has removed redundant OBUF. To resolve this warning, check for redundant OBUF in the input design.
WARNING: [Opt 31-33] Removing redundant OBUF since it is not driving a top-level port. U7_SPIO/counter_set_OBUF[0]_inst 
Resolution: The tool has removed redundant OBUF. To resolve this warning, check for redundant OBUF in the input design.
INFO: [Opt 31-138] Pushed 0 inverter(s) to 0 load pin(s).
Netlist sorting complete. Time (s): cpu = 00:00:00 ; elapsed = 00:00:00.001 . Memory (MB): peak = 1785.102 ; gain = 0.000
INFO: [Project 1-111] Unisim Transformation Summary:
No Unisim elements were transformed.

Synth Design complete | Checksum: 69d1d5be
INFO: [Common 17-83] Releasing license: Synthesis
72 Infos, 318 Warnings, 0 Critical Warnings and 0 Errors encountered.
synth_design completed successfully
synth_design: Time (s): cpu = 00:00:49 ; elapsed = 00:00:57 . Memory (MB): peak = 1785.102 ; gain = 1280.723
Write ShapeDB Complete: Time (s): cpu = 00:00:00 ; elapsed = 00:00:00.006 . Memory (MB): peak = 1785.102 ; gain = 0.000
INFO: [Common 17-1381] The checkpoint 'G:/system/NewCPU/NewCPU.runs/synth_1/main.dcp' has been generated.
INFO: [Vivado 12-24828] Executing command : report_utilization -file main_utilization_synth.rpt -pb main_utilization_synth.pb
INFO: [Common 17-206] Exiting Vivado at Fri Mar 27 18:36:29 2026...
