INFO: [VRFC 10-2263] Analyzing Verilog file "G:/system/NewCPU/NewCPU.sim/sim_1/synth/timing/xsim/simulate_time_synth.v" into library xil_defaultlib
INFO: [VRFC 10-311] analyzing module Counter_x
INFO: [VRFC 10-311] analyzing module EXT
INFO: [VRFC 10-311] analyzing module MIO_BUS
INFO: [VRFC 10-311] analyzing module Multi_8CH32
INFO: [VRFC 10-311] analyzing module RAM_B
INFO: [VRFC 10-311] analyzing module RF
INFO: [VRFC 10-311] analyzing module ROM_D
INFO: [VRFC 10-311] analyzing module SCPU
INFO: [VRFC 10-311] analyzing module SPIO
INFO: [VRFC 10-311] analyzing module SSeg7
INFO: [VRFC 10-311] analyzing module clk_div
INFO: [VRFC 10-311] analyzing module main
INFO: [VRFC 10-311] analyzing module ROM_D_dist_mem_gen_v8_0_17
INFO: [VRFC 10-311] analyzing module ROM_D_dist_mem_gen_v8_0_17_synth
INFO: [VRFC 10-311] analyzing module ROM_D_rom
INFO: [VRFC 10-311] analyzing module RAM_B_blk_mem_gen_generic_cstr
INFO: [VRFC 10-311] analyzing module RAM_B_blk_mem_gen_mux
INFO: [VRFC 10-311] analyzing module RAM_B_blk_mem_gen_prim_width
INFO: [VRFC 10-311] analyzing module RAM_B_blk_mem_gen_prim_width__parameterized0
INFO: [VRFC 10-311] analyzing module RAM_B_blk_mem_gen_prim_width__parameterized1
INFO: [VRFC 10-311] analyzing module RAM_B_blk_mem_gen_prim_width__parameterized2
INFO: [VRFC 10-311] analyzing module RAM_B_blk_mem_gen_prim_width__parameterized3
INFO: [VRFC 10-311] analyzing module RAM_B_blk_mem_gen_prim_width__parameterized4
INFO: [VRFC 10-311] analyzing module RAM_B_blk_mem_gen_prim_width__parameterized5
INFO: [VRFC 10-311] analyzing module RAM_B_blk_mem_gen_prim_width__parameterized6
INFO: [VRFC 10-311] analyzing module RAM_B_blk_mem_gen_prim_wrapper_init
INFO: [VRFC 10-311] analyzing module RAM_B_blk_mem_gen_prim_wrapper_init__parameterized0
INFO: [VRFC 10-311] analyzing module RAM_B_blk_mem_gen_prim_wrapper_init__parameterized1
INFO: [VRFC 10-311] analyzing module RAM_B_blk_mem_gen_prim_wrapper_init__parameterized2
INFO: [VRFC 10-311] analyzing module RAM_B_blk_mem_gen_prim_wrapper_init__parameterized3
INFO: [VRFC 10-311] analyzing module RAM_B_blk_mem_gen_prim_wrapper_init__parameterized4
INFO: [VRFC 10-311] analyzing module RAM_B_blk_mem_gen_prim_wrapper_init__parameterized5
INFO: [VRFC 10-311] analyzing module RAM_B_blk_mem_gen_prim_wrapper_init__parameterized6
INFO: [VRFC 10-311] analyzing module RAM_B_blk_mem_gen_top
INFO: [VRFC 10-311] analyzing module RAM_B_blk_mem_gen_v8_4_11
INFO: [VRFC 10-311] analyzing module RAM_B_blk_mem_gen_v8_4_11_synth
INFO: [VRFC 10-311] analyzing module glbl
INFO: [VRFC 10-2263] Analyzing Verilog file "G:/system/simulate.v" into library xil_defaultlib
INFO: [VRFC 10-311] analyzing module simulate
